 nonmem

 Timestamp is 5cc24d36 (Thu Apr 25 17:13:42 2019)

 Preferred load address is 0000000140000000

 Start         Length     Name                   Class
 0001:00000000 0093b47bH .text                   CODE
 0001:0093b480 000003ffH .text$x                 CODE
 0002:00000000 00000440H .idata$5                DATA
 0002:00000440 00000008H .CRT$XCA                DATA
 0002:00000448 00000008H .CRT$XCF                DATA
 0002:00000450 00000008H .CRT$XCU                DATA
 0002:00000458 00000008H .CRT$XCZ                DATA
 0002:00000460 00000008H .CRT$XIA                DATA
 0002:00000468 00000020H .CRT$XIC                DATA
 0002:00000488 00000008H .CRT$XIY                DATA
 0002:00000490 00000008H .CRT$XIZ                DATA
 0002:00000498 00000008H .CRT$XPA                DATA
 0002:000004a0 00000010H .CRT$XPX                DATA
 0002:000004b0 00000008H .CRT$XPXA               DATA
 0002:000004b8 00000008H .CRT$XPZ                DATA
 0002:000004c0 00000008H .CRT$XTA                DATA
 0002:000004c8 00000008H .CRT$XTZ                DATA
 0002:000004e0 00112ddcH .rdata                  DATA
 0002:001132c0 00000008H .rtc$IAA                DATA
 0002:001132c8 00000008H .rtc$IZZ                DATA
 0002:001132d0 00000008H .rtc$TAA                DATA
 0002:001132d8 00000008H .rtc$TZZ                DATA
 0002:001132e0 00027158H .xdata                  DATA
 0002:0013a438 0000003cH .idata$2                DATA
 0002:0013a474 00000014H .idata$3                DATA
 0002:0013a488 00000440H .idata$4                DATA
 0002:0013a8c8 000009a6H .idata$6                DATA
 0002:0013b26e 00000000H .edata                  DATA
 0003:00000000 00158ef0H .data                   DATA
 0003:00158f00 03bbfe78H .bss                    DATA
 0004:00000000 00019050H .pdata                  DATA
 0005:00000000 00071f30H .trace                  DATA
 0006:00000000 00001200H _RDATA                  DATA

  Address         Publics by Value              Rva+Base               Lib:Object

 0000:00000000       ___safe_se_handler_table   0000000000000000     <absolute>
 0000:00000000       ___safe_se_handler_count   0000000000000000     <absolute>
 0000:00000000       __ImageBase                0000000140000000     <linker-defined>
 0001:00000000       NMPRD4P.                   0000000140001000 f   FSUBS.obj
 0001:00000010       PK                         0000000140001010 f   FSUBS.obj
 0001:00000d30       NMPRD4P_mp_ASSOCNMPRD4     0000000140001d30 f   FSUBS.obj
 0001:000040d0       PRIOR                      00000001400050d0 f   FSUBS.obj
 0001:00004180       FSIZESR                    0000000140005180 f   FSUBS.obj
 0001:00004bf0       MUMODEL2                   0000000140005bf0 f   FSUBS.obj
 0001:00004cf0       ERROR                      0000000140005cf0 f   FSUBS.obj
 0001:00005630       PNM_MPI_SHUTDOWN           0000000140006630 f   pnm_mpid.obj
 0001:00005640       PNM_MPI_WAIT_FOR_SIGNAL    0000000140006640 f   pnm_mpid.obj
 0001:00005650       PNM_MPI_RECV               0000000140006650 f   pnm_mpid.obj
 0001:00005660       PNM_MPI_RECVT              0000000140006660 f   pnm_mpid.obj
 0001:00005670       PNM_MPI_SEND               0000000140006670 f   pnm_mpid.obj
 0001:00005680       PNM_MPI_INIT               0000000140006680 f   pnm_mpid.obj
 0001:00005690       PRED                       0000000140006690 f   PRED.obj
 0001:00038660       PRED_TIMEVALUES_INFO       0000000140039660 f   PRED.obj
 0001:000398c0       SADVAN2                    000000014003a8c0 f   PRED.obj
 0001:0003b4e0       EVENT_REPEAT               000000014003c4e0 f   PRED.obj
 0001:0003c1b0       PREDI                      000000014003d1b0 f   PREDI.obj
 0001:00052fe0       PREDI_SETTOL               0000000140053fe0 f   PREDI.obj
 0001:00053450       CHECK                      0000000140054450 f   CHECK.obj
 0001:00057d10       ISDEFOUT                   0000000140058d10 f   CHECK.obj
 0001:00057d40       SADVAN                     0000000140058d40 f   SADVAN.obj
 0001:00065c20       ADVAN                      0000000140066c20 f   ADVAN2.obj
 0001:00075bd0       SSS                        0000000140076bd0 f   SSS0.obj
 0001:00075be0       TRANS                      0000000140076be0 f   TRANS2.obj
 0001:00076b50       INFN                       0000000140077b50 f   INFN.obj
 0001:00076b60       PRMOD_REAL.                0000000140077b60 f   PRGLOBALP.obj
 0001:00076b70       PRMOD_CHAR.                0000000140077b70 f   PRGLOBALP.obj
 0001:00076b80       PRCM_INT.                  0000000140077b80 f   PRGLOBALP.obj
 0001:00076b90       PRCM_REAL.                 0000000140077b90 f   PRGLOBALP.obj
 0001:00076ba0       PRCOM_INT.                 0000000140077ba0 f   PRGLOBALP.obj
 0001:00076bb0       PRCOM_REAL.                0000000140077bb0 f   PRGLOBALP.obj
 0001:00076bc0       PROCM_INT.                 0000000140077bc0 f   PRGLOBALP.obj
 0001:00076bd0       PROCM_REAL.                0000000140077bd0 f   PRGLOBALP.obj
 0001:00076be0       PR_BAYES_REAL2.            0000000140077be0 f   PRGLOBALP.obj
 0001:00076bf0       PR_BAYES_INT2.             0000000140077bf0 f   PRGLOBALP.obj
 0001:00076c00       PR_BAYES_LOG.              0000000140077c00 f   PRGLOBALP.obj
 0001:00076c10       PRRADAR5.                  0000000140077c10 f   PRGLOBALP.obj
 0001:00076c20       PKERR_REAL.                0000000140077c20 f   PRGLOBALP.obj
 0001:00076c30       MUMODEL                    0000000140077c30 f   MUMODEL.obj
 0001:00077cc0       PNM_LOAD_CONFIG2           0000000140078cc0 f   PARALLEL.obj
 0001:0007cdd0       VARPROCESI                 000000014007ddd0 f   PARALLEL.obj
 0001:0007d110       IBOUND_TEST                000000014007e110 f   PARALLEL.obj
 0001:0007d350       INDEXEQS                   000000014007e350 f   PARALLEL.obj
 0001:0007df90       NUMSTR                     000000014007ef90 f   PARALLEL.obj
 0001:0007e610       NUM_RANGE                  000000014007f610 f   PARALLEL.obj
 0001:0007ebf0       DIRDELIMIT                 000000014007fbf0 f   PARALLEL.obj
 0001:0007f020       WORKER_CHECK               0000000140080020 f   PARALLEL.obj
 0001:0007f530       ARGUMENT_SUBSTITUTE        0000000140080530 f   PARALLEL.obj
 0001:000802c0       REPLACETEXT                00000001400812c0 f   PARALLEL.obj
 0001:00080600       CHECK_SWITCH               0000000140081600 f   PARALLEL.obj
 0001:000806e0       PARAFPRINT_SWITCH          00000001400816e0 f   PARALLEL.obj
 0001:00080880       CONDOR_IDLE                0000000140081880 f   PARALLEL.obj
 0001:000812f0       CONDOR_CHECK               00000001400822f0 f   PARALLEL.obj
 0001:000813c0       PNM_DIRECTORY_TEST         00000001400823c0 f   PARALLEL.obj
 0001:00083f70       NUMSTR_SUBSTITUTE          0000000140084f70 f   PARALLEL.obj
 0001:00084480       NUMCOLON_PARSE             0000000140085480 f   PARALLEL.obj
 0001:000846a0       PARAFILE_SWITCH            00000001400856a0 f   PARALLEL.obj
 0001:000848f0       NOPATH                     00000001400858f0 f   PARALLEL.obj
 0001:00084d30       NMEXEC                     0000000140085d30 f   PARALLEL.obj
 0001:00084f80       PNM_COPY_FSTREAM           0000000140085f80 f   PARALLEL.obj
 0001:000851a0       PNM_COPY_FCON              00000001400861a0 f   PARALLEL.obj
 0001:00085cb0       PNM_COPY_WCON              0000000140086cb0 f   PARALLEL.obj
 0001:00085ee0       SIMPARON_SWITCH            0000000140086ee0 f   PARALLEL.obj
 0001:00086060       PNM_COPY                   0000000140087060 f   PARALLEL.obj
 0001:00086650       PNM_SETUP_DIR              0000000140087650 f   PARALLEL.obj
 0001:000873b0       SHAREDLIB_FILES            00000001400883b0 f   PARALLEL.obj
 0001:00087980       FIND_FILES_IN_CONTROL      0000000140088980 f   PARALLEL.obj
 0001:00088410       RINDEX2                    0000000140089410 f   PARALLEL.obj
 0001:00088580       PNM_LOAD_INIT_NMCONDOR_SINGLE 0000000140089580 f   PARALLEL.obj
 0001:0008a360       PNM_LOAD_INIT2             000000014008b360 f   PARALLEL.obj
 0001:0008a720       PNM_LOAD_INIT_NMCONDOR     000000014008b720 f   PARALLEL.obj
 0001:0008c7d0       PNM_LOAD_INIT_NMMPI        000000014008d7d0 f   PARALLEL.obj
 0001:0008d280       PNM_PRGLOBAL1_RW           000000014008e280 f   prpnm.obj
 0001:0008dbd0       PNM_PRGLOBAL2_RW           000000014008ebd0 f   prpnm.obj
 0001:0008e0f0       PNM_PRGLOBAL3_RW           000000014008f0f0 f   prpnm.obj
 0001:0008e9a0       PRDIMENSION_SETUP          000000014008f9a0 f   prpnm.obj
 0001:0008f930       PNM_PRGLOBAL3_INIT_RW      0000000140090930 f   prpnm.obj
 0001:00090870       PNM_PRGLOBAL1_INIT_RW      0000000140091870 f   prpnm.obj
 0001:00091900       MAIN__                     0000000140092900 f   nonmem.obj
 0001:000945e0       GETETA                     00000001400955e0 f   nonmem:GETETA.obj
 0001:000948b0       SIMETA                     00000001400958b0 f   nonmem:SIMETA.obj
 0001:00096cb0       NWPRI                      0000000140097cb0 f   nonmem:NWPRI.obj
 0001:000beaf0       SIMEPS                     00000001400bfaf0 f   nonmem:SIMEPS.obj
 0001:000c2f90       ERRORMSGS                  00000001400c3f90 f   nonmem:ERRORMSGS.obj
 0001:000c37b0       DAT1                       00000001400c47b0 f   nonmem:DAT1.obj
 0001:000c3b00       DAT3                       00000001400c4b00 f   nonmem:DAT3.obj
 0001:000c3dd0       XML_ATTRIB_ADDI            00000001400c4dd0 f   nonmem:XML_ATTRIB_ADDI.obj
 0001:000c42a0       WRITETOL                   00000001400c52a0 f   nonmem:WRITETOL.obj
 0001:000c4af0       PASS                       00000001400c5af0 f   nonmem:PASS.obj
 0001:000c6d80       IREAD_DOUBLE2              00000001400c7d80 f   nonmem:GENERAL2.obj
 0001:000c6dc0       IREAD_DOUBLE               00000001400c7dc0 f   nonmem:GENERAL2.obj
 0001:000c6f40       PERIOD_ADD2                00000001400c7f40 f   nonmem:GENERAL2.obj
 0001:000c72e0       IREAD_INT                  00000001400c82e0 f   nonmem:GENERAL2.obj
 0001:000c7370       DEQUOTE                    00000001400c8370 f   nonmem:GENERAL2.obj
 0001:000c7650       SPACEREMOVEQ               00000001400c8650 f   nonmem:GENERAL2.obj
 0001:000c7e50       SPACEREMOVE                00000001400c8e50 f   nonmem:GENERAL2.obj
 0001:000c8130       SPACEREMOVEQ_TEST          00000001400c9130 f   nonmem:GENERAL2.obj
 0001:000c8560       CAPS                       00000001400c9560 f   nonmem:GENERAL2.obj
 0001:000c8700       SQUEEZE                    00000001400c9700 f   nonmem:GENERAL2.obj
 0001:000c8a00       DELCMD                     00000001400c9a00 f   nonmem:GENERAL2.obj
 0001:000c8ae0       CPCMD                      00000001400c9ae0 f   nonmem:GENERAL2.obj
 0001:000c8bc0       TYPECMD                    00000001400c9bc0 f   nonmem:GENERAL2.obj
 0001:000c8ca0       FILEDELETE                 00000001400c9ca0 f   nonmem:GENERAL2.obj
 0001:000c8df0       FILEEXIST                  00000001400c9df0 f   nonmem:GENERAL2.obj
 0001:000c8e90       DIRD                       00000001400c9e90 f   nonmem:GENERAL2.obj
 0001:000c8f50       UNICODE_TO_ASCII           00000001400c9f50 f   nonmem:GENERAL2.obj
 0001:000c9230       DIMENSION_SETUP            00000001400ca230 f   nonmem:DIMENSION_SETUP.obj
 0001:000cbfb0       PNM_LOAD_INIT1             00000001400ccfb0 f   nonmem:PNM_LOAD_INIT1.obj
 0001:000ccf40       PNM_PRINT_CONFIG           00000001400cdf40 f   nonmem:PNM_PRINT_CONFIG.obj
 0001:000cdbc0       PNM_START                  00000001400cebc0 f   nonmem:PNM_START.obj
 0001:000cdbe0       IDBLE_RECLENGTH            00000001400cebe0 f   nonmem:IFORT.obj
 0001:000cdbf0       OUTPUT_OPEN                00000001400cebf0 f   nonmem:IFORT.obj
 0001:000cdc90       OUTPUT_OPEN2               00000001400cec90 f   nonmem:IFORT.obj
 0001:000cdf50       ISNAN2                     00000001400cef50 f   nonmem:IFORT.obj
 0001:000cdf60       ENVIRONMENT                00000001400cef60 f   nonmem:IFORT.obj
 0001:000cdf70       CMEMFREE                   00000001400cef70 f   nonmem:CMEMFREE.obj
 0001:000cdf80       PNM_RW_I                   00000001400cef80 f   nonmem:PNM_RW_I.obj
 0001:000ce5d0       PNM_RW_IV                  00000001400cf5d0 f   nonmem:PNM_RW_IV.obj
 0001:000ce670       PNM_RW_R                   00000001400cf670 f   nonmem:PNM_RW_R.obj
 0001:000ce710       PNM_RW_RV                  00000001400cf710 f   nonmem:PNM_RW_RV.obj
 0001:000ce7b0       PNM_RW_REAL_ARRAY          00000001400cf7b0 f   nonmem:PNM_RW_REAL_ARRAY.obj
 0001:000ce7f0       PNM_RW_L                   00000001400cf7f0 f   nonmem:PNM_RW_L.obj
 0001:000ce800       PNM_READ_END               00000001400cf800 f   nonmem:PNM_READ_END.obj
 0001:000ce930       PNM_WRITE_END              00000001400cf930 f   nonmem:PNM_WRITE_END.obj
 0001:000ceb90       PNM_READ_BEGIN             00000001400cfb90 f   nonmem:PNM_READ_BEGIN.obj
 0001:000ceed0       PNM_WRITE_BEGIN            00000001400cfed0 f   nonmem:PNM_WRITE_BEGIN.obj
 0001:000cef50       PNM_RW_INT_ARRAY           00000001400cff50 f   nonmem:PNM_RW_INT_ARRAY.obj
 0001:000cef90       PNM_RW_CV                  00000001400cff90 f   nonmem:PNM_RW_CV.obj
 0001:000cf040       DYNAMIC_ALLOCATION         00000001400d0040 f   nonmem:DYNAMIC_ALLOCATION.obj
 0001:000f4c00       BAYES_INITIALIZE           00000001400f5c00 f   nonmem:BAYES_INITIALIZE.obj
 0001:000f5030       SYMBOLS                    00000001400f6030 f   nonmem:SYMBOLS.obj
 0001:000f5350       GET_LABEL                  00000001400f6350 f   nonmem:GET_LABEL.obj
 0001:000f56e0       IOUNIT_SETUP               00000001400f66e0 f   nonmem:IOUNIT_SETUP.obj
 0001:000f58b0       PNM_WORKER_MODE            00000001400f68b0 f   nonmem:PNM_WORKER_MODE.obj
 0001:000f58f0       BEGIN                      00000001400f68f0 f   nonmem:BEGIN.obj
 0001:000f59c0       CHOL_DECOMP2               00000001400f69c0 f   nonmem:GENERAL.obj
 0001:000f5e50       KNUTHSUM2                  00000001400f6e50 f   nonmem:GENERAL.obj
 0001:000f5ea0       KNUTHSUM                   00000001400f6ea0 f   nonmem:GENERAL.obj
 0001:000f5f10       CHOL_INVERSE2              00000001400f6f10 f   nonmem:GENERAL.obj
 0001:000f6340       CHOLT_INVERSE              00000001400f7340 f   nonmem:GENERAL.obj
 0001:000f7240       CHOL_SQUARE                00000001400f8240 f   nonmem:GENERAL.obj
 0001:000f7720       CHOL_SQUARET2              00000001400f8720 f   nonmem:GENERAL.obj
 0001:000f7960       RANDM                      00000001400f8960 f   nonmem:GENERAL.obj
 0001:000f79f0       GASDEV                     00000001400f89f0 f   nonmem:GENERAL.obj
 0001:000f7b80       RAN_RECIPE                 00000001400f8b80 f   nonmem:GENERAL.obj
 0001:000f7c00       RAN0                       00000001400f8c00 f   nonmem:GENERAL.obj
 0001:000f7c80       RAN1                       00000001400f8c80 f   nonmem:GENERAL.obj
 0001:000f7e90       RAN2                       00000001400f8e90 f   nonmem:GENERAL.obj
 0001:000f8180       RAN3                       00000001400f9180 f   nonmem:GENERAL.obj
 0001:000f8760       RAN4                       00000001400f9760 f   nonmem:GENERAL.obj
 0001:000f87b0       RAN5                       00000001400f97b0 f   nonmem:GENERAL.obj
 0001:000f8c50       NORAN2                     00000001400f9c50 f   nonmem:GENERAL.obj
 0001:000f8cb0       DINVNORM                   00000001400f9cb0 f   nonmem:GENERAL.obj
 0001:000f8f10       TDEV2                      00000001400f9f10 f   nonmem:GENERAL.obj
 0001:000f9820       CHIDEV3                    00000001400fa820 f   nonmem:GENERAL.obj
 0001:000f9890       CHIDEV                     00000001400fa890 f   nonmem:GENERAL.obj
 0001:000f9980       GAMDEVD                    00000001400fa980 f   nonmem:GENERAL.obj
 0001:000fa050       EPS_VALUE                  00000001400fb050 f   nonmem:GENERAL.obj
 0001:000fa090       MACHEP                     00000001400fb090 f   nonmem:GENERAL.obj
 0001:000fa130       BETA_ADD                   00000001400fb130 f   nonmem:GENERAL.obj
 0001:000fa280       GAMMLN2                    00000001400fb280 f   nonmem:GENERAL.obj
 0001:000fa3b0       BETA_LOGF                  00000001400fb3b0 f   nonmem:GENERAL.obj
 0001:000fa420       INV3                       00000001400fb420 f   nonmem:GENERAL.obj
 0001:000fa760       CHOL_DECOMP                00000001400fb760 f   nonmem:GENERAL.obj
 0001:000fb2b0       CHOL_INVERSE               00000001400fc2b0 f   nonmem:GENERAL.obj
 0001:000fbd90       CHOL_SQUARET               00000001400fcd90 f   nonmem:GENERAL.obj
 0001:000fc210       PITERPRINT_TOGGLE          00000001400fd210 f   nonmem:GENERAL.obj
 0001:000fc2f0       GETCHARZ                   00000001400fd2f0 f   nonmem:GENERAL.obj
 0001:000fc340       BACKGROUND                 00000001400fd340 f   nonmem:GENERAL.obj
 0001:000fc430       TERMPOLL_POP               00000001400fd430 f   nonmem:GENERAL.obj
 0001:000fc5d0       SIGFILETEST                00000001400fd5d0 f   nonmem:GENERAL.obj
 0001:000fc660       POSDEF                     00000001400fd660 f   nonmem:GENERAL.obj
 0001:000fd1d0       POSDEF2                    00000001400fe1d0 f   nonmem:GENERAL.obj
 0001:000fed20       JACOBI                     00000001400ffd20 f   nonmem:GENERAL.obj
 0001:000fed70       RS                         00000001400ffd70 f   nonmem:GENERAL.obj
 0001:000fee50       TRED1                      00000001400ffe50 f   nonmem:GENERAL.obj
 0001:00100a90       TRED2                      0000000140101a90 f   nonmem:GENERAL.obj
 0001:00103150       TQL2                       0000000140104150 f   nonmem:GENERAL.obj
 0001:00105000       TQLRAT                     0000000140106000 f   nonmem:GENERAL.obj
 0001:00105fc0       D1MACH2                    0000000140106fc0 f   nonmem:GENERAL.obj
 0001:00106000       PYTHAG                     0000000140107000 f   nonmem:GENERAL.obj
 0001:00106090       LINV1PD                    0000000140107090 f   nonmem:GENERAL.obj
 0001:001065f0       POSDEF3                    00000001401075f0 f   nonmem:GENERAL.obj
 0001:00107340       SECNDS2                    0000000140108340 f   nonmem:GENERAL.obj
 0001:00107490       SECNDS2ADD                 0000000140108490 f   nonmem:GENERAL.obj
 0001:001075c0       SVDINV                     00000001401085c0 f   nonmem:GENERAL.obj
 0001:00107e20       LINV1P_DIAG                0000000140108e20 f   nonmem:GENERAL.obj
 0001:00108260       ROOT_DIAG                  0000000140109260 f   nonmem:GENERAL.obj
 0001:00108970       SUBJECTPRINT_TOGGLE        0000000140109970 f   nonmem:GENERAL.obj
 0001:00108bd0       INV5                       0000000140109bd0 f   nonmem:GENERAL.obj
 0001:001096f0       INV4                       000000014010a6f0 f   nonmem:GENERAL.obj
 0001:00109ca0       EFORMAT                    000000014010aca0 f   nonmem:GENERAL.obj
 0001:0010a280       WRITE_CPU                  000000014010b280 f   nonmem:GENERAL.obj
 0001:0010a510       FLUTIMED                   000000014010b510 f   nonmem:GENERAL.obj
 0001:0010a570       ACCSUM                     000000014010b570 f   nonmem:GENERAL.obj
 0001:0010a660       PNM_OUTPUT_UNITS           000000014010b660 f   nonmem:PNM_OUTPUT_UNITS.obj
 0001:0010a940       XML_OUTPUT                 000000014010b940 f   nonmem:XML_OUTPUT.obj
 0001:0010b030       XML_NONMEM_WRITE           000000014010c030 f   nonmem:XML_NONMEM_WRITE.obj
 0001:0010b120       XML_START_TAG              000000014010c120 f   nonmem:XML_START_TAG.obj
 0001:0010b390       LICENSE_TEST               000000014010c390 f   nonmem:LLTT.obj
 0001:0010d000       DECODEQ                    000000014010e000 f   nonmem:LLTT.obj
 0001:0010d6d0       RANQ                       000000014010e6d0 f   nonmem:LLTT.obj
 0001:0010d9a0       XML_END_TAG                000000014010e9a0 f   nonmem:XML_END_TAG.obj
 0001:0010db50       CHKPAR                     000000014010eb50 f   nonmem:CHKPAR.obj
 0001:0010dbd0       PNM_WORKER_PROCESS         000000014010ebd0 f   nonmem:PNM_WORKER_PROCESS.obj
 0001:0010df00       SUPER                      000000014010ef00 f   nonmem:SUPER.obj
 0001:00111f40       CFILES                     0000000140112f40 f   nonmem:CFILES.obj
 0001:00112860       INITL                      0000000140113860 f   nonmem:INITL.obj
 0001:0011a9b0       FINAL                      000000014011b9b0 f   nonmem:FINAL.obj
 0001:0011b6a0       XML_WRITE                  000000014011c6a0 f   nonmem:XML_WRITE.obj
 0001:0011b750       REALLY_QUIT                000000014011c750 f   nonmem:REALLY_QUIT.obj
 0001:0011b7a0       CHAIN_SAMPLE_MAKE_CHAIN    000000014011c7a0 f   nonmem:CHAIN_SAMPLE_MAKE_CHAIN.obj
 0001:0011c3c0       STORE_ORIG_PARS            000000014011d3c0 f   nonmem:STORE_ORIG_PARS.obj
 0001:0011c940       LOAD_ESTIMS                000000014011d940 f   nonmem:LOAD_ESTIMS.obj
 0001:0011ca10       XML_EST_WRITE              000000014011da10 f   nonmem:XML_EST_WRITE.obj
 0001:0011ce30       ESTIM                      000000014011de30 f   nonmem:ESTIM.obj
 0001:00121030       PARTIAL_OUTPT              0000000140122030 f   nonmem:PARTIAL_OUTPT.obj
 0001:00121170       PNM_EXIT                   0000000140122170 f   nonmem:PNM_EXIT.obj
 0001:00121520       NEXT_ESTIMATE              0000000140122520 f   nonmem:NEXT_ESTIMATE.obj
 0001:00121720       COVR                       0000000140122720 f   nonmem:COVR.obj
 0001:0012d130       SUPERID_ETACORRECT         000000014012e130 f   nonmem:SUPERID_ETACORRECT.obj
 0001:0012d140       ETAFIXED_SETUP             000000014012e140 f   nonmem:ETAFIXED_SETUP.obj
 0001:0012db10       PRRESE                     000000014012eb10 f   nonmem:PRRESE.obj
 0001:0012dec0       SIRSAMPLES                 000000014012eec0 f   nonmem:SIRSAMPLES.obj
 0001:0012f000       RMAT_ETAL_DEALLOCATE       0000000140130000 f   nonmem:RMAT_ETAL_DEALLOCATE.obj
 0001:0012f2c0       NP4F                       00000001401302c0 f   nonmem:NP4F.obj
 0001:00149310       DAT4_TO_ETAI               000000014014a310 f   nonmem:DAT4_TO_ETAI.obj
 0001:001498a0       TOL_WRITE                  000000014014a8a0 f   nonmem:TOL_WRITE.obj
 0001:0014a770       TOL_SETUP                  000000014014b770 f   nonmem:TOL_SETUP.obj
 0001:0014ae50       COMPR                      000000014014be50 f   nonmem:COMPR.obj
 0001:00152400       NONPARO                    0000000140153400 f   nonmem:NONPARO.obj
 0001:00156070       NP                         0000000140157070 f   nonmem:NP.obj
 0001:00169720       ETAI_TO_DAT4               000000014016a720 f   nonmem:ETAI_TO_DAT4.obj
 0001:00169a50       FNLETA                     000000014016aa50 f   nonmem:FNLETA.obj
 0001:0016c7c0       FNLMOD                     000000014016d7c0 f   nonmem:FNLMOD.obj
 0001:0016ceb0       NFGH_CALC                  000000014016deb0 f   nonmem:NFGH_CALC.obj
 0001:00172090       EVAL                       0000000140173090 f   nonmem:EVAL.obj
 0001:00172780       PMX_SETUP                  0000000140173780 f   nonmem:PMX_SETUP.obj
 0001:00177700       RCOVGET                    0000000140178700 f   nonmem:RCOVGET.obj
 0001:00177de0       ETAGET                     0000000140178de0 f   nonmem:ETAGET.obj
 0001:00179200       XML_TABLE_WRITE            000000014017a200 f   nonmem:XML_TABLE_WRITE.obj
 0001:00179300       INE                        000000014017a300 f   nonmem:INE.obj
 0001:0017e080       OPTDESIGN_MANIFOLD         000000014017f080 f   nonmem:OPTDESIGN_MANIFOLD.obj
 0001:0017faa0       SIML                       0000000140180aa0 f   nonmem:SIML.obj
 0001:001901c0       NORAN                      00000001401911c0 f   nonmem:NORAN.obj
 0001:00190460       RANDOM                     0000000140191460 f   nonmem:RANDOM.obj
 0001:00190bd0       USMETA                     0000000140191bd0 f   nonmem:USMETA.obj
 0001:00190be0       PRIOR_OFF                  0000000140191be0 f   nonmem:PRIOR_OFF.obj
 0001:00190e50       UNRAN                      0000000140191e50 f   nonmem:UNRAN.obj
 0001:00190fc0       THETARSUB2                 0000000140191fc0 f   nonmem:THETARSUB2.obj
 0001:00191720       LINV1P                     0000000140192720 f   nonmem:LINV1P.obj
 0001:00191a10       LUDECP                     0000000140192a10 f   nonmem:LUDECP.obj
 0001:001944e0       WISHART_CORE_MAKE2         00000001401954e0 f   nonmem:WISHART_CORE_MAKE2.obj
 0001:00194d10       RANDMT                     0000000140195d10 f   nonmem:RANDMT.obj
 0001:00194d90       BAYES_PRIOR2               0000000140195d90 f   nonmem:BAYES_PRIOR2.obj
 0001:00195710       THETA_PRIORU               0000000140196710 f   nonmem:THETA_PRIORU.obj
 0001:00195790       TDIST_NLL_PROCESS          0000000140196790 f   nonmem:TDIST_NLL_PROCESS.obj
 0001:001959a0       GAMLN                      00000001401969a0 f   nonmem:GAMLN.obj
 0001:001959f0       GAMLNSUB                   00000001401969f0 f   nonmem:GAMLN.obj
 0001:00195cb0       GAMLND1                    0000000140196cb0 f   nonmem:GAMLN.obj
 0001:00195d00       GAMLND2                    0000000140196d00 f   nonmem:GAMLN.obj
 0001:00195d50       BAYES_PRIOR1               0000000140196d50 f   nonmem:BAYES_PRIOR1.obj
 0001:00196a40       LKJ_PROCESS                0000000140197a40 f   nonmem:LKJ_PROCESS.obj
 0001:00199140       INV                        000000014019a140 f   nonmem:INV.obj
 0001:0019c7d0       BAYES_PRIOR3               000000014019d7d0 f   nonmem:BAYES_PRIOR3.obj
 0001:0019d4c0       CHOL_LDET                  000000014019e4c0 f   nonmem:CHOL_LDET.obj
 0001:0019d6b0       MGAMLN                     000000014019e6b0 f   nonmem:MGAMLN.obj
 0001:0019d770       PERCHI                     000000014019e770 f   nonmem:PERCHI.obj
 0001:0019dac0       THRJSUB                    000000014019eac0 f   nonmem:THRJSUB.obj
 0001:0019f560       THETAISUB2                 00000001401a0560 f   nonmem:THETAISUB2.obj
 0001:0019fcc0       ANG                        00000001401a0cc0 f   nonmem:ANG.obj
 0001:001a0080       CORRL2E_PROCESS            00000001401a1080 f   nonmem:CORRL2E_PROCESS.obj
 0001:001a0a60       CHSQ                       00000001401a1a60 f   nonmem:CHSQ.obj
 0001:001a1790       DAT_EXTRA                  00000001401a2790 f   nonmem:DAT_EXTRA.obj
 0001:001a2090       DAT1O                      00000001401a3090 f   nonmem:DAT1O.obj
 0001:001a4c90       DAT3O                      00000001401a5c90 f   nonmem:DAT3O.obj
 0001:001a68e0       TFI                        00000001401a78e0 f   nonmem:TFI.obj
 0001:001a69c0       OBETA                      00000001401a79c0 f   nonmem:OBETA.obj
 0001:001b3e50       DAT4                       00000001401b4e50 f   nonmem:DAT4.obj
 0001:001b5b00       DAT6                       00000001401b6b00 f   nonmem:DAT6.obj
 0001:001b77e0       DAT8                       00000001401b87e0 f   nonmem:DAT8.obj
 0001:001b93a0       DAT5                       00000001401ba3a0 f   nonmem:DAT5.obj
 0001:001bb1d0       DAT2                       00000001401bc1d0 f   nonmem:DAT2.obj
 0001:001bd4f0       DAT9                       00000001401be4f0 f   nonmem:DAT9.obj
 0001:001c0c60       IDXMDV_PROCESSX            00000001401c1c60 f   nonmem:DAT9.obj
 0001:001c1110       GET_EXTRA_TABLE_VALUE      00000001401c2110 f   nonmem:GET_EXTRA_TABLE_VALUE.obj
 0001:001c13c0       BEOSIZE_PROCESS            00000001401c23c0 f   nonmem:BEOSIZE_PROCESS.obj
 0001:001c4220       FILE_NAME_DEFAULT          00000001401c5220 f   nonmem:FILE_NAME_DEFAULT.obj
 0001:001c43b0       BANNER_SETUP               00000001401c53b0 f   nonmem:BANNER_SETUP.obj
 0001:001c59b0       XML_PARALLEL               00000001401c69b0 f   nonmem:XML_PARALLEL.obj
 0001:001c6900       SBANNER_PROB               00000001401c7900 f   nonmem:SBANNER_PROB.obj
 0001:001c7350       PNM_WRITE_SIZE             00000001401c8350 f   nonmem:PNM_WRITE_SIZE.obj
 0001:001c73b0       CLEANUP_NAN                00000001401c83b0 f   nonmem:CLEANUP_NAN.obj
 0001:001c73e0       PNM_READ_REAL_ARRAY        00000001401c83e0 f   nonmem:PNM_READ_REAL_ARRAY.obj
 0001:001c78b0       PNM_SAVE_REAL_ARRAY        00000001401c88b0 f   nonmem:PNM_SAVE_REAL_ARRAY.obj
 0001:001c8240       PNM_FILE_OPEN              00000001401c9240 f   nonmem:PNM_FILE_OPEN.obj
 0001:001c82f0       PNM_READ_INT_ARRAY         00000001401c92f0 f   nonmem:PNM_READ_INT_ARRAY.obj
 0001:001c87c0       PNM_SAVE_INT_ARRAY         00000001401c97c0 f   nonmem:PNM_SAVE_INT_ARRAY.obj
 0001:001c8f00       PNM_RW_C                   00000001401c9f00 f   nonmem:PNM_RW_C.obj
 0001:001c9470       NM_SIZES_MAP               00000001401ca470 f   nonmem:NM_SIZES_MAP.obj
 0001:001c9610       BAYES_DEFAULTS             00000001401ca610 f   nonmem:BAYES_DEFAULTS.obj
 0001:001ca480       BAYES_DEFAULTSE            00000001401cb480 f   nonmem:BAYES_DEFAULTSE.obj
 0001:001cf9a0       FORMAT_SETUP               00000001401d09a0 f   nonmem:FORMAT_SETUP.obj
 0001:001d0a20       IP2                        00000001401d1a20 f   nonmem:IP2.obj
 0001:001d0a70       I4_SOBOL                   00000001401d1a70 f   nonmem:SOBOL.obj
 0001:001d5ff0       I4_BIT_LO0                 00000001401d6ff0 f   nonmem:SOBOL.obj
 0001:001d6030       I4_BIT_HI1                 00000001401d7030 f   nonmem:SOBOL.obj
 0001:001d6060       DONOTHING                  00000001401d7060 f   nonmem:DONOTHING.obj
 0001:001d6070       TEXTMSGS                   00000001401d7070 f   nonmem:TEXTMSGS.obj
 0001:001d68a0       LSVALR                     00000001401d78a0 f   nonmem:LSVALR.obj
 0001:001d7120       FLU                        00000001401d8120 f   nonmem:FLU.obj
 0001:001d7880       XMLOFF_CHECK               00000001401d8880 f   nonmem:XMLOFF_CHECK.obj
 0001:001d7950       XML_DATE_STAMP             00000001401d8950 f   nonmem:XML_DATE_STAMP.obj
 0001:001d7ac0       CONTROLNAME                00000001401d8ac0 f   nonmem:CONTROLNAME.obj
 0001:001d7c00       FILE_TO_XML                00000001401d8c00 f   nonmem:FILE_TO_XML.obj
 0001:001d80c0       XML_PREFIX_ADD             00000001401d90c0 f   nonmem:XML_PREFIX_ADD.obj
 0001:001d9b60       FWRITEA                    00000001401dab60 f   nonmem:FWRITEA.obj
 0001:001d9c40       OBJ                        00000001401dac40 f   nonmem:OBJ.obj
 0001:0020a8f0       FP2POSGET                  000000014020b8f0 f   nonmem:OBJ.obj
 0001:0020aa20       OFILES                     000000014020ba20 f   nonmem:OFILES.obj
 0001:0020de10       PNM_PROCESS                000000014020ee10 f   nonmem:PNM_PROCESS.obj
 0001:002136c0       BAYES_OBJ                  00000001402146c0 f   nonmem:BAYES_OBJ.obj
 0001:00215720       PRRES                      0000000140216720 f   nonmem:PRRES.obj
 0001:00224100       SINPT                      0000000140225100 f   nonmem:SINPT.obj
 0001:002256b0       OUTPT                      00000001402266b0 f   nonmem:OUTPT.obj
 0001:0023bfb0       XML_PROB_WRITE             000000014023cfb0 f   nonmem:XML_PROB_WRITE.obj
 0001:0023c6c0       PNM_SHUTDOWN               000000014023d6c0 f   nonmem:PNM_SHUTDOWN.obj
 0001:0023c6f0       PRED_ISNAN                 000000014023d6f0 f   nonmem:PRED_ISNAN.obj
 0001:0023cb50       WRITE_FTEXT_ETEXT          000000014023db50 f   nonmem:NM_CALLS.obj
 0001:0023cf80       WRITE_TO_FTEXT             000000014023df80 f   nonmem:NM_CALLS.obj
 0001:0023de40       WRITE_TEXTMSGS             000000014023ee40 f   nonmem:NM_CALLS.obj
 0001:0023df20       INIT_PR_ICNSM              000000014023ef20 f   nonmem:NM_CALLS.obj
 0001:0023e2f0       INIT_IPRN2_ICTSM           000000014023f2f0 f   nonmem:NM_CALLS.obj
 0001:0023e580       INIT_DTEXT_ETEXT           000000014023f580 f   nonmem:NM_CALLS.obj
 0001:0023e660       INIT_PRED_VARIABLES        000000014023f660 f   nonmem:NM_CALLS.obj
 0001:0023f5f0       WRITE_REPETITION_ERRORS    00000001402405f0 f   nonmem:NM_CALLS.obj
 0001:0023f660       NF_NE_TEXT_ERROR           0000000140240660 f   nonmem:NM_CALLS.obj
 0001:00240c40       XML_ATTRIB_WRITE           0000000140241c40 f   nonmem:XML_ATTRIB_WRITE.obj
 0001:00241510       INPT                       0000000140242510 f   nonmem:INPT.obj
 0001:002854f0       INEST                      00000001402864f0 f   nonmem:INEST.obj
 0001:002965b0       OLEVEL_PROCESS             00000001402975b0 f   nonmem:OLEVEL_PROCESS.obj
 0001:0029ab90       IMAGE                      000000014029bb90 f   nonmem:FCALLS.obj
 0001:0029ada0       IMAGEB                     000000014029bda0 f   nonmem:FCALLS.obj
 0001:0029afb0       V                          000000014029bfb0 f   nonmem:FCALLS.obj
 0001:0029b1d0       VAR                        000000014029c1d0 f   nonmem:FCALLS.obj
 0001:0029bb70       CONS                       000000014029cb70 f   nonmem:FCALLS.obj
 0001:0029bc20       CONSDER                    000000014029cc20 f   nonmem:FCALLS.obj
 0001:0029bd00       STCHAR                     000000014029cd00 f   nonmem:STCHAR.obj
 0001:0029caf0       DECN                       000000014029daf0 f   nonmem:DECN.obj
 0001:002a3f80       CONTR                      00000001402a4f80 f   nonmem:CONTR.obj
 0001:002a3f90       CCONTR                     00000001402a4f90 f   nonmem:CCONTR.obj
 0001:002a3fa0       CRIT                       00000001402a4fa0 f   nonmem:CRIT.obj
 0001:002a3fb0       SPTWO                      00000001402a4fb0 f   nonmem:SPTWO.obj
 0001:002a3fc0       LVOUTT_EVALUATE            00000001402a4fc0 f   nonmem:LVOUTT_EVALUATE.obj
 0001:002a5c70       NOPRIOR_TEST               00000001402a6c70 f   nonmem:NOPRIOR_TEST.obj
 0001:002a6060       INLETA                     00000001402a7060 f   nonmem:INLETA.obj
 0001:002a6070       MIX                        00000001402a7070 f   nonmem:MIX.obj
 0001:002a6080       BLOCK_INFO_SAVE            00000001402a7080 f   nonmem:BLOCK_INFO_SAVE.obj
 0001:002a6b60       COMM                       00000001402a7b60 f   nonmem:COMM.obj
 0001:002ad410       RANDMSIC                   00000001402ae410 f   nonmem:RANDMSIC.obj
 0001:002af510       PROBLEM_ALLOCATE           00000001402b0510 f   nonmem:PROBLEM_ALLOCATE.obj
 0001:002b10d0       CHAIN_SAMPLE_MAKE          00000001402b20d0 f   nonmem:CHAIN_SAMPLE_MAKE.obj
 0001:002b5010       PROBLEM_DEALLOCATE         00000001402b6010 f   nonmem:PROBLEM_DEALLOCATE.obj
 0001:002b7170       POPVAR_GET                 00000001402b8170 f   nonmem:POPVAR_GET.obj
 0001:002b95d0       ESTM_VIS_ARRAY             00000001402ba5d0 f   nonmem:ESTM_VIS_ARRAY.obj
 0001:002bd260       BESTM_LOAD                 00000001402be260 f   nonmem:BESTM_LOAD.obj
 0001:002cb4c0       INLOBJ                     00000001402cc4c0 f   nonmem:INLOBJ.obj
 0001:002ccf60       BAYES_ESTIMATE             00000001402cdf60 f   nonmem:BAYES_ESTIMATE.obj
 0001:002ce000       ZXMIN1                     00000001402cf000 f   nonmem:ZXMIN1.obj
 0001:002e8500       SADDLE                     00000001402e9500 f   nonmem:SADDLE.obj
 0001:002ef690       RESCL                      00000001402f0690 f   nonmem:RESCL.obj
 0001:002f07a0       XML_IARRAY_WRITE           00000001402f17a0 f   nonmem:XML_IARRAY_WRITE.obj
 0001:002f0d60       LN2PI_INFORMATION          00000001402f1d60 f   nonmem:LN2PI_INFORMATION.obj
 0001:002f15d0       POPPHI_PUT                 00000001402f25d0 f   nonmem:POPPHI_PUT.obj
 0001:002f4020       ETABAR_WRITE               00000001402f5020 f   nonmem:ETABAR_WRITE.obj
 0001:00303fb0       ZXMIN1_WRITE               0000000140304fb0 f   nonmem:ZXMIN1_WRITE.obj
 0001:00307a20       XML_CONV_WRITE             0000000140308a20 f   nonmem:XML_CONV_WRITE.obj
 0001:00307be0       XML_IVAL_WRITE             0000000140308be0 f   nonmem:XML_IVAL_WRITE.obj
 0001:00307d90       XML_VAL_WRITE              0000000140308d90 f   nonmem:XML_VAL_WRITE.obj
 0001:00307f40       SAVE_UCPAR                 0000000140308f40 f   nonmem:SAVE_UCPAR.obj
 0001:00308330       OUTEST                     0000000140309330 f   nonmem:OUTEST.obj
 0001:00313a40       TNPRID                     0000000140314a40 f   nonmem:TNPRI.obj
 0001:00313aa2       TNPRIC                     0000000140314aa2 f   nonmem:TNPRI.obj
 0001:003145a1       TNPRIB                     00000001403155a1 f   nonmem:TNPRI.obj
 0001:0031553a       TNPRIA                     000000014031653a f   nonmem:TNPRI.obj
 0001:00316014       TNPRI                      0000000140317014 f   nonmem:TNPRI.obj
 0001:00320f10       DECN1                      0000000140321f10 f   nonmem:DECN1.obj
 0001:00325910       OLKJ_CALC                  0000000140326910 f   nonmem:OLKJ_CALC.obj
 0001:00325f80       USER_TERMINATE_TEST        0000000140326f80 f   nonmem:USER_TERMINATE_TEST.obj
 0001:00326080       PNM_OFFQ                   0000000140327080 f   nonmem:PNM_OFFQ.obj
 0001:003260a0       PNM_SEND_SIGNAL            00000001403270a0 f   nonmem:PNM_SEND_SIGNAL.obj
 0001:00326ab0       PNM_WAIT_FOR_SIGNAL        0000000140327ab0 f   nonmem:PNM_WAIT_FOR_SIGNAL.obj
 0001:00327430       COVMAP                     0000000140328430 f   nonmem:COVMAP.obj
 0001:00329fa0       SIGLCOV_SETUP              000000014032afa0 f   nonmem:SIGLCOV_SETUP.obj
 0001:0032a0b0       WRITEMAT                   000000014032b0b0 f   nonmem:WRITEMAT.obj
 0001:0032a0c0       MSF_MAT_DELETE             000000014032b0c0 f   nonmem:MSF_MAT_DELETE.obj
 0001:0032a360       IGRD_SETUP                 000000014032b360 f   nonmem:IGRD_SETUP.obj
 0001:0032b4b0       GRID                       000000014032c4b0 f   nonmem:GRID.obj
 0001:0032b9e0       RMATX                      000000014032c9e0 f   nonmem:RMATX.obj
 0001:0032cd70       SMATX                      000000014032dd70 f   nonmem:SMATX.obj
 0001:0032f660       EXCMPT                     0000000140330660 f   nonmem:EXCMPT.obj
 0001:00330480       THRJCONV                   0000000140331480 f   nonmem:THRJCONV.obj
 0001:00330a70       LEQ2S                      0000000140331a70 f   nonmem:LEQ2S.obj
 0001:00332170       SECORR                     0000000140333170 f   nonmem:SECORR.obj
 0001:00335920       EIGRS1                     0000000140336920 f   nonmem:EIGRS1.obj
 0001:00336d00       ZXMIN1_SEWRITE             0000000140337d00 f   nonmem:ZXMIN1_SEWRITE.obj
 0001:00337b10       PSD                        0000000140338b10 f   nonmem:PSD.obj
 0001:00338450       LPSDOR                     0000000140339450 f   nonmem:LPSDOR.obj
 0001:00339e50       XML_COVSTATUS_WRITE        000000014033ae50 f   nonmem:XML_COVSTATUS_WRITE.obj
 0001:0033a2a0       SIGLCOV_DONE               000000014033b2a0 f   nonmem:SIGLCOV_DONE.obj
 0001:0033a6c0       THRJCONV2                  000000014033b6c0 f   nonmem:THRJCONV2.obj
 0001:0033b050       PNM_ON                     000000014033c050 f   nonmem:PNM_ON.obj
 0001:0033b070       UCPARLIN                   000000014033c070 f   nonmem:UCPARLIN.obj
 0001:0033d5c0       JQS1                       000000014033e5c0 f   nonmem:JQS1.obj
 0001:00340c10       HMATX                      0000000140341c10 f   nonmem:HMATX.obj
 0001:00343c80       WRES_SETUPS                0000000140344c80 f   nonmem:WRES_SETUPS.obj
 0001:003454d0       WRES_SETUP                 00000001403464d0 f   nonmem:WRES_SETUP.obj
 0001:00345680       RANDMSI                    0000000140346680 f   nonmem:RANDMSI.obj
 0001:003489b0       BANNER_WRITE               00000001403499b0 f   nonmem:BANNER_WRITE.obj
 0001:00349130       SUPERID                    000000014034a130 f   nonmem:SUPERID.obj
 0001:00353cb0       BAYES                      0000000140354cb0 f   nonmem:BAYES.obj
 0001:003568e0       POPFINAL                   00000001403578e0 f   nonmem:POPFINAL.obj
 0001:00356d40       COVM_TO_UP3                0000000140357d40 f   nonmem:COVM_TO_UP3.obj
 0001:0035a420       DAT12                      000000014035b420 f   nonmem:DAT12.obj
 0001:0035c110       PMUD_EVALUATE              000000014035d110 f   nonmem:PMUD_EVALUATE.obj
 0001:0035cf80       IPH                        000000014035df80 f   nonmem:IPH.obj
 0001:0035d3b0       TEXTID                     000000014035e3b0 f   nonmem:TEXTID.obj
 0001:0035d800       WRITE_PARTIAL              000000014035e800 f   nonmem:WRITE_PARTIAL.obj
 0001:0035dcc0       FORMAT_WRITE               000000014035ecc0 f   nonmem:FORMAT_WRITE.obj
 0001:0035de70       DAT16                      000000014035ee70 f   nonmem:DAT16.obj
 0001:0035f930       HPROCESS6                  0000000140360930 f   nonmem:HPROCESS6.obj
 0001:0035fa30       DAT7                       0000000140360a30 f   nonmem:DAT7.obj
 0001:00361590       IET                        0000000140362590 f   nonmem:IET.obj
 0001:00361960       TOLPROCESS                 0000000140362960 f   nonmem:TOLPROCESS.obj
 0001:003650e0       CELS                       00000001403660e0 f   nonmem:CELS.obj
 0001:0037ca40       ELS                        000000014037da40 f   nonmem:ELS.obj
 0001:00391c80       JLAST_TEST                 0000000140392c80 f   nonmem:JLAST_TEST.obj
 0001:00391d10       CN                         0000000140392d10 f   nonmem:CN.obj
 0001:0039da40       MULTI_RANDOM               000000014039ea40 f   nonmem:MULTI_RANDOM.obj
 0001:0039e7e0       BOOTSTRAP_VECTOR           000000014039f7e0 f   nonmem:BOOTSTRAP_VECTOR.obj
 0001:003a11b0       DAT10                      00000001403a21b0 f   nonmem:DAT10.obj
 0001:003a2460       PNM_DATNN_INITIAL          00000001403a3460 f   nonmem:PNM_DATNN_INITIAL.obj
 0001:003a2520       PNM_DATA_PREADVANCE        00000001403a3520 f   nonmem:PNM_DATA_PREADVANCE.obj
 0001:003a25b0       PNM_DATNN_PREADVANCE       00000001403a35b0 f   nonmem:PNM_DATNN_PREADVANCE.obj
 0001:003a26a0       PNM_TIME_PROCESS           00000001403a36a0 f   nonmem:PNM_TIME_PROCESS.obj
 0001:003a2710       SCAL                       00000001403a3710 f   nonmem:SCAL.obj
 0001:003a3010       OBJ3                       00000001403a4010 f   nonmem:OBJ3.obj
 0001:003ad3a0       PNM_DATNN_POSTADVANCE      00000001403ae3a0 f   nonmem:PNM_DATNN_POSTADVANCE.obj
 0001:003ad4e0       PROBLEM_INFO               00000001403ae4e0 f   nonmem:PROBLEM_INFO.obj
 0001:003ad530       NPD_PUT                    00000001403ae530 f   nonmem:NPD_PUT.obj
 0001:003aef40       NPE_PUT                    00000001403aff40 f   nonmem:NPE_PUT.obj
 0001:003b08c0       UCPETA_GET2                00000001403b18c0 f   nonmem:UCPETA_GET2.obj
 0001:003b0f80       OBJ2H                      00000001403b1f80 f   nonmem:OBJ2H.obj
 0001:003b1520       OBJ2                       00000001403b2520 f   nonmem:OBJ2.obj
 0001:003c1710       MIXEST_GET                 00000001403c2710 f   nonmem:MIXEST_GET.obj
 0001:003c1ab0       OBJ2_CALC                  00000001403c2ab0 f   nonmem:OBJ2_CALC.obj
 0001:003c2a30       GL1HL1_DIFF                00000001403c3a30 f   nonmem:GL1HL1_DIFF.obj
 0001:003c7ee0       GGL1_DIFF                  00000001403c8ee0 f   nonmem:GGL1_DIFF.obj
 0001:003cb080       FU_ETA                     00000001403cc080 f   nonmem:FU_ETA.obj
 0001:003cb3a0       PX2AB_EVALUATE             00000001403cc3a0 f   nonmem:PX2AB_EVALUATE.obj
 0001:003cce50       PMX_SETUP_EXTRA            00000001403cde50 f   nonmem:PMX_SETUP_EXTRA.obj
 0001:003cde20       BANNER_WRITE2              00000001403cee20 f   nonmem:BANNER_WRITE2.obj
 0001:003cde80       ESTIM_SETTINGS             00000001403cee80 f   nonmem:ESTIM_SETTINGS.obj
 0001:003dc5f0       RCOVGET_READ               00000001403dd5f0 f   nonmem:RCOVGET_READ.obj
 0001:003df000       ETAGET_READ                00000001403e0000 f   nonmem:ETAGET_READ.obj
 0001:003e2690       ETAGET_UPDATE              00000001403e3690 f   nonmem:ETAGET_UPDATE.obj
 0001:003e5550       OS                         00000001403e6550 f   nonmem:OS.obj
 0001:003f4ba0       ZSRCH                      00000001403f5ba0 f   nonmem:ZSRCH.obj
 0001:003f6440       VARLABL                    00000001403f7440 f   nonmem:VARLABL.obj
 0001:003f72f0       HDPRNT                     00000001403f82f0 f   nonmem:HDPRNT.obj
 0001:003f75b0       PRNTN                      00000001403f85b0 f   nonmem:PRNTN.obj
 0001:003f8750       OPTD_DISCRETE              00000001403f9750 f   nonmem:OPTD_DISCRETE.obj
 0001:003fad80       OPTD_RS                    00000001403fbd80 f   nonmem:OPTD_RS.obj
 0001:003fb410       OPTD_STGR                  00000001403fc410 f   nonmem:OPTD_STGR.obj
 0001:003fbfd0       FEDOROV                    00000001403fcfd0 f   nonmem:FEDOROV.obj
 0001:003fc570       OPTD_NELDER                00000001403fd570 f   nonmem:OPTD_NELDER.obj
 0001:003fe940       XML_ATTRIB_ADDS            00000001403ff940 f   nonmem:XML_ATTRIB_ADDS.obj
 0001:003ff0f0       SRANMETHOD_INIT            00000001404000f0 f   nonmem:SRANMETHOD_INIT.obj
 0001:003ff1f0       DECN0                      00000001404001f0 f   nonmem:DECN0.obj
 0001:004031e0       CH                         00000001404041e0 f   nonmem:CH.obj
 0001:004058b0       PNM_DATNN_INITIAL2         00000001404068b0 f   nonmem:PNM_DATNN_INITIAL2.obj
 0001:00405c50       PNM_DATNN_PREADVANCE2      0000000140406c50 f   nonmem:PNM_DATNN_PREADVANCE2.obj
 0001:00405dc0       PNM_DATNN_POSTADVANCE2     0000000140406dc0 f   nonmem:PNM_DATNN_POSTADVANCE2.obj
 0001:00405f60       DAT4_TO_PHIE               0000000140406f60 f   nonmem:DAT4_TO_PHIE.obj
 0001:004066d0       THETARSUB                  00000001404076d0 f   nonmem:THETARSUB.obj
 0001:004067d0       LUELMP                     00000001404077d0 f   nonmem:LUELMP.obj
 0001:00407890       SOLVTRIANG                 0000000140408890 f   nonmem:IMSL_UTILS.obj
 0001:00407fc0       CPXTOY                     0000000140408fc0 f   nonmem:IMSL_UTILS.obj
 0001:004086a0       VECTOSC                    00000001404096a0 f   nonmem:IMSL_UTILS.obj
 0001:00408dc0       VECXSC                     0000000140409dc0 f   nonmem:IMSL_UTILS.obj
 0001:00409370       SWTCHXY                    000000014040a370 f   nonmem:IMSL_UTILS.obj
 0001:00409ee0       MATUPDATE                  000000014040aee0 f   nonmem:IMSL_UTILS.obj
 0001:0040a0f0       SCXVECPLVEC                000000014040b0f0 f   nonmem:IMSL_UTILS.obj
 0001:0040a910       DETCHOL                    000000014040b910 f   nonmem:LUDECP_CALLS.obj
 0001:0040ae30       SYMRANKK                   000000014040be30 f   nonmem:LUDECP_CALLS.obj
 0001:0040c5c0       MATXVEC                    000000014040d5c0 f   nonmem:LUDECP_CALLS.obj
 0001:0040c7c0       MATXMAT                    000000014040d7c0 f   nonmem:LUDECP_CALLS.obj
 0001:0040cef0       SOLVMATEQ                  000000014040def0 f   nonmem:LUDECP_CALLS.obj
 0001:0040d6d0       MULTISTUDENTT              000000014040e6d0 f   nonmem:DISTRIB.obj
 0001:0040e460       MULTISKEWNORMAL            000000014040f460 f   nonmem:DISTRIB.obj
 0001:0040f930       NORMAL                     0000000140410930 f   nonmem:DISTRIB.obj
 0001:00410330       BERNOULLI                  0000000140411330 f   nonmem:DISTRIB.obj
 0001:004107e0       BERNOULLILOGIT             00000001404117e0 f   nonmem:DISTRIB.obj
 0001:00410ca0       BINOMIAL                   0000000140411ca0 f   nonmem:DISTRIB.obj
 0001:004115c0       BINOMIALLOGIT              00000001404125c0 f   nonmem:DISTRIB.obj
 0001:00411e80       BETABINOMIAL               0000000140412e80 f   nonmem:DISTRIB.obj
 0001:00412f50       HYPERGEOMETRIC             0000000140413f50 f   nonmem:DISTRIB.obj
 0001:00414020       CATEGORICALLOGIT           0000000140415020 f   nonmem:DISTRIB.obj
 0001:00415480       CATEGORICAL                0000000140416480 f   nonmem:DISTRIB.obj
 0001:00416ad0       ORDEREDLOGISTIC            0000000140417ad0 f   nonmem:DISTRIB.obj
 0001:004198f0       NEGBINOMIAL                000000014041a8f0 f   nonmem:DISTRIB.obj
 0001:0041a350       NEGBINOMIAL2               000000014041b350 f   nonmem:DISTRIB.obj
 0001:0041b100       NEGBINOMIAL2LOG            000000014041c100 f   nonmem:DISTRIB.obj
 0001:0041be60       POISSON                    000000014041ce60 f   nonmem:DISTRIB.obj
 0001:0041c230       POISSONLOG                 000000014041d230 f   nonmem:DISTRIB.obj
 0001:0041c5d0       MULTINOMIAL                000000014041d5d0 f   nonmem:DISTRIB.obj
 0001:0041fc60       EXP_MOD_NORMAL_OLD         0000000140420c60 f   nonmem:DISTRIB.obj
 0001:00420bc0       EXPMODNORMAL               0000000140421bc0 f   nonmem:DISTRIB.obj
 0001:00421d80       SKEWNORMAL                 0000000140422d80 f   nonmem:DISTRIB.obj
 0001:00422fa0       STUDENTT                   0000000140423fa0 f   nonmem:DISTRIB.obj
 0001:00424eb0       STUDENTTB                  0000000140425eb0 f   nonmem:DISTRIB.obj
 0001:0042a8e0       STUDENTTB2                 000000014042b8e0 f   nonmem:DISTRIB.obj
 0001:00430910       STUDENTT2                  0000000140431910 f   nonmem:DISTRIB.obj
 0001:00432880       LOGISTIC                   0000000140433880 f   nonmem:DISTRIB.obj
 0001:00433290       DOUBLEEXPONENTIAL          0000000140434290 f   nonmem:DISTRIB.obj
 0001:00433a20       GUMBEL                     0000000140434a20 f   nonmem:DISTRIB.obj
 0001:004342e0       LOGNORMAL                  00000001404352e0 f   nonmem:DISTRIB.obj
 0001:00434cf0       CHISQUARE                  0000000140435cf0 f   nonmem:DISTRIB.obj
 0001:00435380       INVCHISQUARE               0000000140436380 f   nonmem:DISTRIB.obj
 0001:004359f0       SCALEDINVCHISQUARE         00000001404369f0 f   nonmem:DISTRIB.obj
 0001:00436920       EXPONENTIAL                0000000140437920 f   nonmem:DISTRIB.obj
 0001:00436c00       GAMMA                      0000000140437c00 f   nonmem:DISTRIB.obj
 0001:00437980       INVGAMMA                   0000000140438980 f   nonmem:DISTRIB.obj
 0001:00438730       WEIBULL                    0000000140439730 f   nonmem:DISTRIB.obj
 0001:004395f0       FRECHET                    000000014043a5f0 f   nonmem:DISTRIB.obj
 0001:0043a490       RAYLEIGH                   000000014043b490 f   nonmem:DISTRIB.obj
 0001:0043aa40       PARETO                     000000014043ba40 f   nonmem:DISTRIB.obj
 0001:0043b1e0       PARETO2                    000000014043c1e0 f   nonmem:DISTRIB.obj
 0001:0043c110       BETA                       000000014043d110 f   nonmem:DISTRIB.obj
 0001:0043d020       DIRICHLET                  000000014043e020 f   nonmem:DISTRIB.obj
 0001:00440470       VONMISES                   0000000140441470 f   nonmem:DISTRIB.obj
 0001:00441250       LKJ_NLLU                   0000000140442250 f   nonmem:LKJ_NLLU.obj
 0001:00441c70       DLKJ_NLL_LU                0000000140442c70 f   nonmem:DLKJ_NLL_LU.obj
 0001:00442e90       DLKJ_NLL_OMG               0000000140443e90 f   nonmem:DLKJ_NLL_OMG.obj
 0001:00443590       LKJ_NLL                    0000000140444590 f   nonmem:LKJ_NLL.obj
 0001:004444c0       DLKJ_NLL_LINV              00000001404454c0 f   nonmem:DLKJ_NLL_LINV.obj
 0001:00445970       DLKJ_NLL_L                 0000000140446970 f   nonmem:DLKJ_NLL_L.obj
 0001:00447080       GAMMP                      0000000140448080 f   nonmem:GAMMP.obj
 0001:00447320       CUMCHI                     0000000140448320 f   nonmem:CUMCHI.obj
 0001:00447390       THETAISUB                  0000000140448390 f   nonmem:THETAISUB.obj
 0001:00447490       LINV2F                     0000000140448490 f   nonmem:LINV2F.obj
 0001:00447850       GAMMLN                     0000000140448850 f   nonmem:GAMMLN.obj
 0001:00447a30       ELM                        0000000140448a30 f   nonmem:ELM.obj
 0001:00447da0       PNM_DATPROCESS             0000000140448da0 f   nonmem:PNM_DATPROCESS.obj
 0001:0044b130       IDXMDV_PROCESS             000000014044c130 f   nonmem:IDXMDV_PROCESS.obj
 0001:0044b600       DATMAX                     000000014044c600 f   nonmem:DATMAX.obj
 0001:0044c2e0       DSCL                       000000014044d2e0 f   nonmem:DSCL.obj
 0001:0044c590       SID_SET                    000000014044d590 f   nonmem:SID_SET.obj
 0001:0044d6b0       ZXMIN2                     000000014044e6b0 f   nonmem:ZXMIN2.obj
 0001:004545f0       ZXMIN2B                    00000001404555f0 f   nonmem:ZXMIN2B.obj
 0001:00466ff0       NELDER2                    0000000140467ff0 f   nonmem:NELDER2.obj
 0001:00468a70       SID_RESET                  0000000140469a70 f   nonmem:SID_RESET.obj
 0001:00469720       CKPRDE                     000000014046a720 f   nonmem:CKPRDE.obj
 0001:0046d6a0       PARAFPRINT_PROCESS         000000014046e6a0 f   nonmem:PARAFPRINT_PROCESS.obj
 0001:0046d700       BEOPRINT_TOGGLE            000000014046e700 f   nonmem:BEOPRINT_TOGGLE.obj
 0001:0046d870       TIMCON                     000000014046e870 f   nonmem:TIMCON.obj
 0001:0046e4a0       PROGNAME                   000000014046f4a0 f   nonmem:PROGNAME.obj
 0001:0046e6b0       OSCRAMBLE2                 000000014046f6b0 f   nonmem:OSCRAMBLE.obj
 0001:0046fb30       EXOR                       0000000140470b30 f   nonmem:OSCRAMBLE.obj
 0001:0046fbb0       GNCRML                     0000000140470bb0 f   nonmem:OSCRAMBLE.obj
 0001:0046fd80       UNI                        0000000140470d80 f   nonmem:OSCRAMBLE.obj
 0001:00470210       GNCRMU                     0000000140471210 f   nonmem:OSCRAMBLE.obj
 0001:00470490       SOLSVD                     0000000140471490 f   nonmem:LSVAL_CALLS.obj
 0001:00486170       CONSTGIVENS                0000000140487170 f   nonmem:LSVAL_CALLS.obj
 0001:00486270       APPGIVENS                  0000000140487270 f   nonmem:LSVAL_CALLS.obj
 0001:004864c0       BAYES_HPRIOR_ONLY          00000001404874c0 f   nonmem:BAYES_HPRIOR_ONLY.obj
 0001:004864f0       SIDOBJ_CALC_ALL            00000001404874f0 f   nonmem:SIDOBJ_CALC_ALL.obj
 0001:00486620       SUMSQ_ZERO                 0000000140487620 f   nonmem:SUMSQ_ZERO.obj
 0001:00486940       DAT15                      0000000140487940 f   nonmem:DAT15.obj
 0001:004885d0       DAT13                      00000001404895d0 f   nonmem:DAT13.obj
 0001:0048a0a0       IOMCN                      000000014048b0a0 f   nonmem:IOMCN.obj
 0001:0048a0e0       NCONTR                     000000014048b0e0 f   nonmem:NCONTR.obj
 0001:004a71f0       LIK                        00000001404a81f0 f   nonmem:LIK.obj
 0001:004a78a0       ZXMCMC                     00000001404a88a0 f   nonmem:ZXMCMC.obj
 0001:004b59d0       IBAYES_ITS                 00000001404b69d0 f   nonmem:IBAYES_ITS.obj
 0001:004b7e80       OPTDESIGN_STRAT            00000001404b8e80 f   nonmem:OPTDESIGN_STRAT.obj
 0001:004b8230       ABSORT                     00000001404b9230 f   nonmem:ABSORT.obj
 0001:004b8290       COMGRD                     00000001404b9290 f   nonmem:COMGRD.obj
 0001:004ba110       CSGGRD                     00000001404bb110 f   nonmem:CSGGRD.obj
 0001:004bbdd0       CTHGRD                     00000001404bcdd0 f   nonmem:CTHGRD.obj
 0001:004bce40       GRADIENT_COLLECT           00000001404bde40 f   nonmem:GRADIENT_COLLECT.obj
 0001:004bd0d0       GRADIENT_COMBINE           00000001404be0d0 f   nonmem:GRADIENT_COMBINE.obj
 0001:004bd790       MIX_GRADIENT               00000001404be790 f   nonmem:MIX_GRADIENT.obj
 0001:004bf010       IBAYES_CONDITION           00000001404c0010 f   nonmem:IBAYES_CONDITION.obj
 0001:004bf120       OBETA2                     00000001404c0120 f   nonmem:OBETA2.obj
 0001:004cb9d0       UNFPTS                     00000001404cc9d0 f   nonmem:UNFPTS.obj
 0001:004d09a0       CHO                        00000001404d19a0 f   nonmem:CHO.obj
 0001:004d1210       QUAD                       00000001404d2210 f   nonmem:QUAD.obj
 0001:004d35f0       LINSYM                     00000001404d45f0 f   nonmem:LINSYM.obj
 0001:004d4d70       SECNDS3                    00000001404d5d70 f   nonmem:SECNDS3.obj
 0001:004d4e50       PNM_TIMEL_PROCESS          00000001404d5e50 f   nonmem:PNM_TIMEL_PROCESS.obj
 0001:004d51f0       PNM_TASK_COLLECT           00000001404d61f0 f   nonmem:PNM_TASK_COLLECT.obj
 0001:004dc0e0       DATE_STAMPD                00000001404dd0e0 f   nonmem:DATE_STAMPD.obj
 0001:004dc110       PNM_TASK_EXECUTE           00000001404dd110 f   nonmem:PNM_TASK_EXECUTE.obj
 0001:004dda00       PNM_FINALIZE               00000001404dea00 f   nonmem:PNM_FINALIZE.obj
 0001:004df130       PNM_SAVE                   00000001404e0130 f   nonmem:PNM_SAVE.obj
 0001:004df820       EMBAYES_WORKER_SAVE        00000001404e0820 f   nonmem:EMBAYES_WORKER_SAVE.obj
 0001:004e50c0       DATNN_WORKER_SAVE2         00000001404e60c0 f   nonmem:DATNN_WORKER_SAVE2.obj
 0001:004e5620       DATNN_WORKER_SAVE          00000001404e6620 f   nonmem:DATNN_WORKER_SAVE.obj
 0001:004e5a70       PNM_SIZES_RW               00000001404e6a70 f   nonmem:PNM_SIZES_RW.obj
 0001:004e5ff0       PNM_INIT_RW                00000001404e6ff0 f   nonmem:PNM_INIT_RW.obj
 0001:004e68d0       PNM_GLOBAL_INIT_RW         00000001404e78d0 f   nonmem:PNM_GLOBAL_INIT_RW.obj
 0001:004ec400       PNM_NMDATA_RW              00000001404ed400 f   nonmem:PNM_NMDATA_RW.obj
 0001:004ecbf0       PNM_GLOBAL_RW              00000001404edbf0 f   nonmem:PNM_GLOBAL_RW.obj
 0001:004ee2b0       PNM_OBJ_LOCAL_RW           00000001404ef2b0 f   nonmem:PNM_OBJ_LOCAL_RW.obj
 0001:004eebc0       EMBAYES_WORKER_READ        00000001404efbc0 f   nonmem:EMBAYES_WORKER_READ.obj
 0001:004f5c00       DATNN_WORKER_READ          00000001404f6c00 f   nonmem:DATNN_WORKER_READ.obj
 0001:004f6020       SAEM_PROCESS               00000001404f7020 f   nonmem:SAEM_PROCESS.obj
 0001:004fb2f0       MCMC_ETA_SAMPLING_SETUP    00000001404fc2f0 f   nonmem:MCMC_ETA_SAMPLING_SETUP.obj
 0001:004fc4b0       SAEM_NEXT_CALC             00000001404fd4b0 f   nonmem:SAEM_NEXT_CALC.obj
 0001:004fc540       HPRIOR_GET                 00000001404fd540 f   nonmem:HPRIOR_GET.obj
 0001:004feb50       TRACE                      00000001404ffb50 f   nonmem:TRACE.obj
 0001:004ff370       JKB_OMEGA                  0000000140500370 f   nonmem:JKB_OMEGA.obj
 0001:004ff840       JKB_SIGMA                  0000000140500840 f   nonmem:JKB_SIGMA.obj
 0001:004ffc60       BAYES_SETUP1               0000000140500c60 f   nonmem:BAYES_SETUP1.obj
 0001:00501e20       ETA_POPSAMPLE_SETUP        0000000140502e20 f   nonmem:ETA_POPSAMPLE_SETUP.obj
 0001:005029a0       ETA_POPSAMPLE              00000001405039a0 f   nonmem:ETA_POPSAMPLE.obj
 0001:00502d30       PRED_HNOINTER              0000000140503d30 f   nonmem:PRED_HNOINTER.obj
 0001:00503970       RANV_CLEAR                 0000000140504970 f   nonmem:RANV_CLEAR.obj
 0001:00504790       RANV_ADD                   0000000140505790 f   nonmem:RANV_ADD.obj
 0001:00505090       RANV_FINAL                 0000000140506090 f   nonmem:RANV_FINAL.obj
 0001:005063b0       ETA_LOAD                   00000001405073b0 f   nonmem:ETA_LOAD.obj
 0001:00506a10       COMMRG                     0000000140507a10 f   nonmem:COMMRG.obj
 0001:0050f1d0       ETA_POPSAMPLE_FINISH       00000001405101d0 f   nonmem:ETA_POPSAMPLE_FINISH.obj
 0001:0050f570       WRES_WRES_STORE            0000000140510570 f   nonmem:WRES_WRES_STORE.obj
 0001:0050fe20       FL1E_GET                   0000000140510e20 f   nonmem:FL1E_GET.obj
 0001:0050ff00       FL1EI_GET                  0000000140510f00 f   nonmem:FL1EI_GET.obj
 0001:0050ffe0       DAT11                      0000000140510fe0 f   nonmem:DAT11.obj
 0001:00511b50       XML_SCAT                   0000000140512b50 f   nonmem:XML_SCAT.obj
 0001:00511de0       SORT                       0000000140512de0 f   nonmem:SORT.obj
 0001:005129a0       SCATER                     00000001405139a0 f   nonmem:SCATER.obj
 0001:00514c00       FORMAT_WRITE2              0000000140515c00 f   nonmem:FORMAT_WRITE2.obj
 0001:005176f0       FORMAT_SWRITE              00000001405186f0 f   nonmem:FORMAT_SWRITE.obj
 0001:00518460       USWLFM                     0000000140519460 f   nonmem:USWLFM.obj
 0001:00518e70       XML_TABLE_WRITE2           0000000140519e70 f   nonmem:XML_TABLE_WRITE2.obj
 0001:00519410       VARCORR                    000000014051a410 f   nonmem:VARCORR.obj
 0001:0051ecb0       BAYES_OBJSTD               000000014051fcb0 f   nonmem:BAYES_OBJSTD.obj
 0001:0051ed50       PRINT_CORR                 000000014051fd50 f   nonmem:PRINT_CORR.obj
 0001:0051fb70       XML_ARRAY_WRITE            0000000140520b70 f   nonmem:XML_ARRAY_WRITE.obj
 0001:005203e0       PRINT_CORRSE               00000001405213e0 f   nonmem:PRINT_CORRSE.obj
 0001:00521300       PARFIX_WRITE               0000000140522300 f   nonmem:PARFIX_WRITE.obj
 0001:005218f0       GRADIENT_WRITE             00000001405228f0 f   nonmem:GRADIENT_WRITE.obj
 0001:00521f30       POPCOV_PUT                 0000000140522f30 f   nonmem:POPCOV_PUT.obj
 0001:00522160       USWTFM                     0000000140523160 f   nonmem:USWTFM.obj
 0001:005229e0       PRNT1                      00000001405239e0 f   nonmem:PRNT1.obj
 0001:00523230       PRNT5                      0000000140524230 f   nonmem:PRNT5.obj
 0001:005268f0       PHITL                      00000001405278f0 f   nonmem:PHITL.obj
 0001:005269b0       LPHITL                     00000001405279b0 f   nonmem:LPHITL.obj
 0001:00526a50       BAYES_FCON_READ            0000000140527a50 f   nonmem:BAYES_FCON_READ.obj
 0001:0052eda0       NUTS_DEALLOCATE            000000014052fda0 f   nonmem:NUTS_DEALLOCATE.obj
 0001:0052f1e0       FORMATRN_MAKE              00000001405301e0 f   nonmem:FORMATRN_MAKE.obj
 0001:0052f420       REPODT                     0000000140530420 f   nonmem:REPODT.obj
 0001:0052fca0       XML_ATTRIB_ADDIV           0000000140530ca0 f   nonmem:XML_ATTRIB_ADDIV.obj
 0001:005304f0       EVENT_REPEAT_SETUP         00000001405314f0 f   nonmem:EVENT_REPEAT_SETUP.obj
 0001:005309b0       LABEL_WRITE                00000001405319b0 f   nonmem:LABEL_WRITE.obj
 0001:00531090       VARLABL_WRITE              0000000140532090 f   nonmem:VARLABL_WRITE.obj
 0001:005337a0       READ_DATA2                 00000001405347a0 f   nonmem:READ_DATA2.obj
 0001:00535040       RANMETHOD_TEXT             0000000140536040 f   nonmem:RANMETHOD_TEXT.obj
 0001:005353f0       NOHABORT_PROCESS           00000001405363f0 f   nonmem:NOHABORT_PROCESS.obj
 0001:00535420       SIGL_DEFAULT               0000000140536420 f   nonmem:SIGL_DEFAULT.obj
 0001:00535460       TFD                        0000000140536460 f   nonmem:TFD.obj
 0001:00535540       XML_ATTRIB_ADDR            0000000140536540 f   nonmem:XML_ATTRIB_ADDR.obj
 0001:00535b50       NUMSTR3                    0000000140536b50 f   nonmem:NUMSTR3.obj
 0001:00535ed0       IXTBLE_REMAP               0000000140536ed0 f   nonmem:IXTBLE_REMAP.obj
 0001:00535ef0       LABEL_WRITE_E              0000000140536ef0 f   nonmem:LABEL_WRITE_E.obj
 0001:005364c0       CN1                        00000001405374c0 f   nonmem:CN1.obj
 0001:0053e4b0       NUMBER_READ                000000014053f4b0 f   nonmem:NUMBER_READ.obj
 0001:0053ea90       EIG_CORRECT                000000014053fa90 f   nonmem:EIG_CORRECT.obj
 0001:0053fdb0       LABL_READ                  0000000140540db0 f   nonmem:LABL_READ.obj
 0001:00540510       INEST_7P2P0                0000000140541510 f   nonmem:INEST_7P2P0.obj
 0001:00552010       INEST_7P1P2                0000000140553010 f   nonmem:INEST_7P1P2.obj
 0001:00561c20       INEST_6P2                  0000000140562c20 f   nonmem:INEST_6P2.obj
 0001:00573b00       INEST_7P3P0                0000000140574b00 f   nonmem:INEST_7P3P0.obj
 0001:00584840       INEST_7P4P0                0000000140585840 f   nonmem:INEST_7P4P0.obj
 0001:00595860       MSFI_ERRORS2               0000000140596860 f   nonmem:MSFI_ERRORS2.obj
 0001:00595bc0       MSFO_TO_DAT4               0000000140596bc0 f   nonmem:MSFO_TO_DAT4.obj
 0001:0059bce0       MSFI_ERRORS                000000014059cce0 f   nonmem:MSFI_ERRORS.obj
 0001:0059d340       NUMSTEP_PROCESS            000000014059e340 f   nonmem:NUMSTEP_PROCESS.obj
 0001:0059da60       LABEL_CONSTRUCT2           000000014059ea60 f   nonmem:LABEL_CONSTRUCT2.obj
 0001:0059dc90       RTRAN_RETURN               000000014059ec90 f   nonmem:RTRAN_RETURN.obj
 0001:0059de10       BAYES_DECN                 000000014059ee10 f   nonmem:BAYES_DECN.obj
 0001:0059e470       RTRAN_SETUP                000000014059f470 f   nonmem:RTRAN_SETUP.obj
 0001:0059e5f0       RTRAN_CALC                 000000014059f5f0 f   nonmem:RTRAN_CALC.obj
 0001:0059f340       IPARW                      00000001405a0340 f   nonmem:IPARW.obj
 0001:0059f590       IMP_ALLOCATE               00000001405a0590 f   nonmem:IMP_ALLOCATE.obj
 0001:005a26b0       BAYES_LOAD_FROM_NONMEM     00000001405a36b0 f   nonmem:BAYES_LOAD_FROM_NONMEM.obj
 0001:005a6990       POPFINAL2                  00000001405a7990 f   nonmem:POPFINAL2.obj
 0001:005a7790       POPCOPY                    00000001405a8790 f   nonmem:POPCOPY.obj
 0001:005a7c60       POPCOPYS                   00000001405a8c60 f   nonmem:POPCOPYS.obj
 0001:005a8590       BAYESCHOLINV               00000001405a9590 f   nonmem:BAYESCHOLINV.obj
 0001:005a9860       GIBBS_PRDN_CREATE          00000001405aa860 f   nonmem:GIBBS_PRDN_CREATE.obj
 0001:005b0190       BAYES_COVMAPW              00000001405b1190 f   nonmem:BAYES_COVMAPW.obj
 0001:005b1180       POPVAR_INIT                00000001405b2180 f   nonmem:POPVAR_INIT.obj
 0001:005b3200       WINBUG_OMEG_SAMPLE_MAKE    00000001405b4200 f   nonmem:WINBUG_OMEG_SAMPLE_MAKE.obj
 0001:005b3800       WISHART_RANDOM             00000001405b4800 f   nonmem:WISHART_RANDOM.obj
 0001:005b4c80       POPVAR_PUT                 00000001405b5c80 f   nonmem:POPVAR_PUT.obj
 0001:005bd200       NEW_INITIAL_WRITE          00000001405be200 f   nonmem:NEW_INITIAL_WRITE.obj
 0001:005bdd90       WINBUG_CPTHETA_SAMPLE_MAKE 00000001405bed90 f   nonmem:WINBUG_CPTHETA_SAMPLE_MAKE.obj
 0001:005bf5d0       POPVARGET_READ2            00000001405c05d0 f   nonmem:POPVARGET_READ2.obj
 0001:005bffd0       ORDER_RANGES               00000001405c0fd0 f   nonmem:ORDER_RANGES.obj
 0001:005c0100       MATMAP2                    00000001405c1100 f   nonmem:MATMAP2.obj
 0001:005c0210       LVOUTT_EVALUATE2           00000001405c1210 f   nonmem:LVOUTT_EVALUATE2.obj
 0001:005c0ab0       INLOBE                     00000001405c1ab0 f   nonmem:INLOBE.obj
 0001:005c1f90       HIDIM_EVALUATE             00000001405c2f90 f   nonmem:HIDIM_EVALUATE.obj
 0001:005c47e0       MSF_RAND_MATCH             00000001405c57e0 f   nonmem:MSF_RAND_MATCH.obj
 0001:005c4880       BLOCK_INFO_PROCESS         00000001405c5880 f   nonmem:BLOCK_INFO_PROCESS.obj
 0001:005c7640       INTR2_HEADER               00000001405c8640 f   nonmem:INTR2_HEADER.obj
 0001:005c7740       SAEM                       00000001405c8740 f   nonmem:SAEM.obj
 0001:005cb680       POPFINISH_WRITE            00000001405cc680 f   nonmem:POPFINISH_WRITE.obj
 0001:005d09f0       CHAIN_SAMPLE_MAKE_EST      00000001405d19f0 f   nonmem:CHAIN_SAMPLE_MAKE_EST.obj
 0001:005d1260       PHI1B_ADD                  00000001405d2260 f   nonmem:PHI1B_ADD.obj
 0001:005d3350       OBJ_CONVERGE_TEST          00000001405d4350 f   nonmem:OBJ_CONVERGE_TEST.obj
 0001:005d3510       NSIG_PROCESS               00000001405d4510 f   nonmem:NSIG_PROCESS.obj
 0001:005d37d0       BAYES_PRINT_ITER           00000001405d47d0 f   nonmem:BAYES_PRINT_ITER.obj
 0001:005d3940       INTR                       00000001405d4940 f   nonmem:INTR.obj
 0001:005d4700       DELTA_FIND                 00000001405d5700 f   nonmem:DELTA_FIND.obj
 0001:005d4780       ZXMJN                      00000001405d5780 f   nonmem:ZXMJN.obj
 0001:005d68d0       GET_OFVS                   00000001405d78d0 f   nonmem:GET_OFVS.obj
 0001:005d6c10       RESDCN                     00000001405d7c10 f   nonmem:RESDCN.obj
 0001:005d8780       RESCN                      00000001405d9780 f   nonmem:RESCN.obj
 0001:005dbb40       XML_IVAL2_WRITE            00000001405dcb40 f   nonmem:XML_IVAL2_WRITE.obj
 0001:005dc240       OBJ_TEXT                   00000001405dd240 f   nonmem:OBJ_TEXT.obj
 0001:005dc470       POPPHIM_PUT                00000001405dd470 f   nonmem:POPPHIM_PUT.obj
 0001:005df180       SHM_PUT                    00000001405e0180 f   nonmem:SHM_PUT.obj
 0001:005e10b0       ETABAR_FORMAT              00000001405e20b0 f   nonmem:ETABAR_FORMAT.obj
 0001:005e1700       SHRINK_CALC                00000001405e2700 f   nonmem:SHRINK_CALC.obj
 0001:005e17b0       SHRINKEBV                  00000001405e27b0 f   nonmem:SHRINKEBV.obj
 0001:005e1830       SUMSQ_WRITE                00000001405e2830 f   nonmem:SUMSQ_WRITE.obj
 0001:005e2ad0       XML_ETABAR_WRITE           00000001405e3ad0 f   nonmem:XML_ETABAR_WRITE.obj
 0001:005e2f50       XML_ETABAR_WRITEN          00000001405e3f50 f   nonmem:XML_ETABAR_WRITEN.obj
 0001:005e33d0       ETABAR_FILE_WRITE          00000001405e43d0 f   nonmem:ETABAR_FILE_WRITE.obj
 0001:005e58a0       XML_ITER_WRITE             00000001405e68a0 f   nonmem:XML_ITER_WRITE.obj
 0001:005e5d80       SNAMET                     00000001405e6d80 f   nonmem:SNAMET.obj
 0001:005e6250       DAT4_TO_MSFO               00000001405e7250 f   nonmem:DAT4_TO_MSFO.obj
 0001:005eae20       PRIOR_OFFT                 00000001405ebe20 f   nonmem:PRIOR_OFFT.obj
 0001:005eae70       UV                         00000001405ebe70 f   nonmem:UV.obj
 0001:005fa790       HPDF2F                     00000001405fb790 f   nonmem:HPDF2F.obj
 0001:005facb0       PNM_SEND_SIGNAL_FILE       00000001405fbcb0 f   nonmem:PNM_SEND_SIGNAL_FILE.obj
 0001:005fae40       FILEEXISTT                 00000001405fbe40 f   nonmem:FILEEXISTT.obj
 0001:005faed0       PNM_FILE_DELETE            00000001405fbed0 f   nonmem:PNM_FILE_DELETE.obj
 0001:005fafc0       PNM_FILE_OPEN2             00000001405fbfc0 f   nonmem:PNM_FILE_OPEN2.obj
 0001:005fb080       MSF_MAT_OPEN               00000001405fc080 f   nonmem:MSF_MAT_OPEN.obj
 0001:005fb3f0       RSDCN                      00000001405fc3f0 f   nonmem:RSDCN.obj
 0001:005fce90       JQS                        00000001405fde90 f   nonmem:JQS.obj
 0001:00600490       ORTHOG                     0000000140601490 f   nonmem:ORTHOG.obj
 0001:0060b420       DER2                       000000014060c420 f   nonmem:DER2.obj
 0001:0060f010       THRJCONV_VECTOR            0000000140610010 f   nonmem:THRJCONV_VECTOR.obj
 0001:0060f320       PRIOR2DER                  0000000140610320 f   nonmem:PRIOR2DER.obj
 0001:00613b20       SMATX_POSDEF               0000000140614b20 f   nonmem:SMATX_POSDEF.obj
 0001:00615080       LEQ1S                      0000000140616080 f   nonmem:LEQ1S.obj
 0001:006169d0       COV_TO_CORR                00000001406179d0 f   nonmem:COV_TO_CORR.obj
 0001:00617140       EIGENSYM                   0000000140618140 f   nonmem:EIGRS1_CALLS.obj
 0001:00619f50       EIGENTRID                  000000014061af50 f   nonmem:EIGRS1_CALLS.obj
 0001:0061c940       SORTABVAL                  000000014061d940 f   nonmem:EIGRS1_CALLS.obj
 0001:0061da40       EIGVALSYMTRID              000000014061ea40 f   nonmem:EIGRS1_CALLS.obj
 0001:0061ea30       SYMATTOTRID                000000014061fa30 f   nonmem:EIGRS1_CALLS.obj
 0001:00623ea0       SORTALGVALP                0000000140624ea0 f   nonmem:EIGRS1_CALLS.obj
 0001:00625ee0       PRINT_EIGEN                0000000140626ee0 f   nonmem:PRINT_EIGEN.obj
 0001:00626db0       LSVAL1                     0000000140627db0 f   nonmem:LSVAL1.obj
 0001:00627630       VSORTM                     0000000140628630 f   nonmem:VSORTM.obj
 0001:006292b0       EXTRA_LABEL_INFO           000000014062a2b0 f   nonmem:EXTRA_LABEL_INFO.obj
 0001:0062a1e0       SUPERID_PREP               000000014062b1e0 f   nonmem:SUPERID_PREP.obj
 0001:0062fa10       POPFINISH_TEST             0000000140630a10 f   nonmem:POPFINISH_TEST.obj
 0001:00634d20       EM_UPDATE                  0000000140635d20 f   nonmem:EM_UPDATE.obj
 0001:00636170       HMT_SAMPLE_MAKE            0000000140637170 f   nonmem:HMT_SAMPLE_MAKE.obj
 0001:00639000       WINBUG_SAMPLE_MAKE         000000014063a000 f   nonmem:WINBUG_SAMPLE_MAKE.obj
 0001:0063ec70       HMT_LOAD                   000000014063fc70 f   nonmem:HMT_LOAD.obj
 0001:00644b80       HMT_LOADI                  0000000140645b80 f   nonmem:HMT_LOADI.obj
 0001:0064b550       HMT_VAR_ADD                000000014064c550 f   nonmem:HMT_VAR_ADD.obj
 0001:0064bdb0       ISOBJZERO                  000000014064cdb0 f   nonmem:ISOBJZERO.obj
 0001:0064bfe0       MOD2                       000000014064cfe0 f   nonmem:MOD2.obj
 0001:0064c010       POPVAR_FINAL               000000014064d010 f   nonmem:POPVAR_FINAL.obj
 0001:0064d8e0       POPVAR_TO_MEAN             000000014064e8e0 f   nonmem:POPVAR_TO_MEAN.obj
 0001:0064ec50       ETA_SAMPLES                000000014064fc50 f   nonmem:ETA_SAMPLES.obj
 0001:006502a0       WSP_TO_OUTPT               00000001406512a0 f   nonmem:WSP_TO_OUTPT.obj
 0001:0065ae40       SIR_SAMPLE_MAKE            000000014065be40 f   nonmem:SIR_SAMPLE_MAKE.obj
 0001:0065d6f0       CONSTRAINT                 000000014065e6f0 f   nonmem:CONSTRAINT.obj
 0001:006616d0       SAME_BLOCK_AVERAGE         00000001406626d0 f   nonmem:SAME_BLOCK_AVERAGE.obj
 0001:006649d0       PTHETA_FINAL               00000001406659d0 f   nonmem:PTHETA_FINAL.obj
 0001:00665710       POMEG_FINAL                0000000140666710 f   nonmem:POMEG_FINAL.obj
 0001:00665ae0       BAYES_SETUP2               0000000140666ae0 f   nonmem:BAYES_SETUP2.obj
 0001:006672d0       UCCOV_MAP                  00000001406682d0 f   nonmem:UCCOV_MAP.obj
 0001:00667f20       TOLGET                     0000000140668f20 f   nonmem:TOLGET.obj
 0001:00668250       TOL                        0000000140669250 f   nonmem:TOL.obj
 0001:00668280       TOLTEST                    0000000140669280 f   nonmem:TOLTEST.obj
 0001:00668560       CELST                      0000000140669560 f   nonmem:CELST.obj
 0001:006708f0       SUMSQ_CROSS_COUNT          00000001406718f0 f   nonmem:SUMSQ_CROSS_COUNT.obj
 0001:00670cb0       SUMSQ_STORE2               0000000140671cb0 f   nonmem:SUMSQ_STORE2.obj
 0001:00671530       SUMSQ_DERS                 0000000140672530 f   nonmem:SUMSQ_DERS.obj
 0001:00677590       DDSQ_MAKE                  0000000140678590 f   nonmem:DDSQ_MAKE.obj
 0001:00677f60       DENN                       0000000140678f60 f   nonmem:DENN.obj
 0001:00677fa0       SUMSQM_MAKE                0000000140678fa0 f   nonmem:SUMSQM_MAKE.obj
 0001:00679040       THETAGR2DER                000000014067a040 f   nonmem:THETAGR2DER.obj
 0001:0067b3a0       OMEGAGR2DER                000000014067c3a0 f   nonmem:OMEGAGR2DER.obj
 0001:0067c2c0       ELST                       000000014067d2c0 f   nonmem:ELST.obj
 0001:00685290       WRES_MAT_STORE             0000000140686290 f   nonmem:WRES_MAT_STORE.obj
 0001:00686250       OMEGAGRSS                  0000000140687250 f   nonmem:OMEGAGRSS.obj
 0001:00687500       OMEGAGRINTER               0000000140688500 f   nonmem:OMEGAGRINTER.obj
 0001:00688e30       EIGSQINV                   0000000140689e30 f   nonmem:EIGSQINV.obj
 0001:0068aaf0       CHOLINV                    000000014068baf0 f   nonmem:CHOLINV.obj
 0001:0068c340       UNCONS                     000000014068d340 f   nonmem:UNCONS.obj
 0001:0068c3b0       SOBOL_SETUP                000000014068d3b0 f   nonmem:SOBOL_SETUP.obj
 0001:0068c550       TSGLVR                     000000014068d550 f   nonmem:TSGLVR.obj
 0001:0068c660       PNM_TIME_END2              000000014068d660 f   nonmem:PNM_TIME_END2.obj
 0001:0068c820       PNM_TIME_END               000000014068d820 f   nonmem:PNM_TIME_END.obj
 0001:0068c9e0       PNM_TIME_START             000000014068d9e0 f   nonmem:PNM_TIME_START.obj
 0001:0068ca20       PNM_TIME_START2            000000014068da20 f   nonmem:PNM_TIME_START2.obj
 0001:0068ca60       CLIK                       000000014068da60 f   nonmem:CLIK.obj
 0001:0068ebc0       NONINFL_CALC               000000014068fbc0 f   nonmem:NONINFL_CALC.obj
 0001:00690330       BAYES_COVMAPW2             0000000140691330 f   nonmem:BAYES_COVMAPW2.obj
 0001:00690820       SID_SET2                   0000000140691820 f   nonmem:SID_SET2.obj
 0001:00690eb0       SUMSQ_ZERO2                0000000140691eb0 f   nonmem:SUMSQ_ZERO2.obj
 0001:006911c0       BAYES_OBJ2_1               00000001406921c0 f   nonmem:BAYES_OBJ2_1.obj
 0001:00691210       SADVAN2_REC_SET            0000000140692210 f   nonmem:SADVAN2_REC_SET.obj
 0001:00691230       SUMSQ_STOP2                0000000140692230 f   nonmem:SUMSQ_STOP2.obj
 0001:00691250       BAYES_OBJ2_2               0000000140692250 f   nonmem:BAYES_OBJ2_2.obj
 0001:006913a0       BAYES_OBJ2_3               00000001406923a0 f   nonmem:BAYES_OBJ2_3.obj
 0001:006936e0       GL1HL1_CALC2               00000001406946e0 f   nonmem:GL1HL1_CALC2.obj
 0001:00693720       FL1_COPY                   0000000140694720 f   nonmem:FL1_COPY.obj
 0001:00693810       PX2A_EVALUATE              0000000140694810 f   nonmem:PX2A_EVALUATE.obj
 0001:00694f60       PX2B_EVALUATE              0000000140695f60 f   nonmem:PX2B_EVALUATE.obj
 0001:00696310       BAYES_INIT                 0000000140697310 f   nonmem:BAYES_INIT.obj
 0001:00696390       PMX_SETUP_SUMMARY          0000000140697390 f   nonmem:PMX_SETUP_SUMMARY.obj
 0001:006970f0       IDFIND                     00000001406980f0 f   nonmem:IDFIND.obj
 0001:00697360       MUMODEL3                   0000000140698360 f   nonmem:MUMODEL3.obj
 0001:00697770       LUDATN                     0000000140698770 f   nonmem:LUDATN.obj
 0001:00698820       LUELMN                     0000000140699820 f   nonmem:LUELMN.obj
 0001:00699eb0       BAYES_BANNER_WRITE         000000014069aeb0 f   nonmem:BAYES_BANNER_WRITE.obj
 0001:0069a5b0       VCVTFS                     000000014069b5b0 f   nonmem:VCVTFS.obj
 0001:0069acf0       USWLSM                     000000014069bcf0 f   nonmem:USWLSM.obj
 0001:0069b860       USWLFI                     000000014069c860 f   nonmem:USWLFI.obj
 0001:0069c280       USWLSI                     000000014069d280 f   nonmem:USWLSI.obj
 0001:0069ce10       OPTD_MONITOR               000000014069de10 f   nonmem:OPTD_MONITOR.obj
 0001:0069ce50       OPTD_DISCRETE_FUNC         000000014069de50 f   nonmem:OPTD_DISCRETE_FUNC.obj
 0001:0069ee10       OPTD_FINISH                000000014069fe10 f   nonmem:OPTD_FINISH.obj
 0001:0069f5c0       OPTD_NELDER_FUNC           00000001406a05c0 f   nonmem:OPTD_NELDER_FUNC.obj
 0001:006a56e0       OPTD_RS_ALG                00000001406a66e0 f   nonmem:OPTD_RS_ALG.obj
 0001:006a6500       OPTD_STGR_ALG              00000001406a7500 f   nonmem:OPTD_STGR_ALG.obj
 0001:006a7c40       OPTD_DV_UPDATE             00000001406a8c40 f   nonmem:OPTD_DV_UPDATE.obj
 0001:006b1af0       DESIGN_CHANGE              00000001406b2af0 f   nonmem:DESIGN_CHANGE.obj
 0001:006b2830       OPTD_ITER                  00000001406b3830 f   nonmem:OPTD_ITER.obj
 0001:006b2e40       PFIM                       00000001406b3e40 f   nonmem:PFIM.obj
 0001:006b5410       DESIGN_RESTORE             00000001406b6410 f   nonmem:DESIGN_RESTORE.obj
 0001:006b58a0       NELDERG                    00000001406b68a0 f   nonmem:NELDERG.obj
 0001:006bac20       DAT2_FILL                  00000001406bbc20 f   nonmem:DAT2_FILL.obj
 0001:006bae20       DOTXY                      00000001406bbe20 f   nonmem:IMSL_FUNC.obj
 0001:006bb450       COMPNOCASE                 00000001406bc450 f   nonmem:IMSL_FUNC.obj
 0001:006bb530       UCASCIIVAL                 00000001406bc530 f   nonmem:IMSL_FUNC.obj
 0001:006bb5a0       INDXMAXAB                  00000001406bc5a0 f   nonmem:IMSL_FUNC.obj
 0001:006bb790       DPMACHCONST                00000001406bc790 f   nonmem:IMSL_FUNC.obj
 0001:006bb8c0       NAN_GET                    00000001406bc8c0 f   nonmem:IMSL_FUNC.obj
 0001:006bb8e0       INFNTY_GET                 00000001406bc8e0 f   nonmem:IMSL_FUNC.obj
 0001:006bb900       INTMACHCONST               00000001406bc900 f   nonmem:IMSL_FUNC.obj
 0001:006bb9e0       EUCL_L2NORM                00000001406bc9e0 f   nonmem:IMSL_FUNC.obj
 0001:006bc060       PHI                        00000001406bd060 f   nonmem:PHI.obj
 0001:006bc0d0       BESSIK                     00000001406bd0d0 f   nonmem:BESSIK.obj
[...]
 0001:003ab120       OBJ3_ip_INIT_IJ_LAST       00000001403ac120 f   nonmem:OBJ3.obj
 0001:003ab2f0       OBJ3_ip_NRECIND_CHECK      00000001403ac2f0 f   nonmem:OBJ3.obj
 0001:003ab6b0       OBJ3_ip_UPDATE_PRED_VARIABLES 00000001403ac6b0 f   nonmem:OBJ3.obj
 0001:003bb2b0       OBJ2_ip_PRED_ERRORS        00000001403bc2b0 f   nonmem:OBJ2.obj
 0001:003bc320       OBJ2_ip_REPETITION_ERRORS  00000001403bd320 f   nonmem:OBJ2.obj
 0001:003bcfa0       OBJ2_ip_INIT_IJ_LAST       00000001403bdfa0 f   nonmem:OBJ2.obj
 0001:003bd170       OBJ2_ip_UPDATE_PRED_VARIABLES 00000001403be170 f   nonmem:OBJ2.obj
 0001:003c1500       OBJ2_ip_NRECIND_CHECK      00000001403c2500 f   nonmem:OBJ2.obj
 0001:003ec150       OS_ip_PRED_ERRORS          00000001403ed150 f   nonmem:OS.obj
 0001:003ec1b0       OS_ip_INIT_IJ_LAST         00000001403ed1b0 f   nonmem:OS.obj
 0001:003ec490       OS_ip_REPETITION_ERRORS    00000001403ed490 f   nonmem:OS.obj
 0001:003ed800       OS_ip_PROCESS_RECORD       00000001403ee800 f   nonmem:OS.obj
 0001:003eeb20       OS_ip_UPDATE_T_A           00000001403efb20 f   nonmem:OS.obj
 0001:00403010       DECN0_ip_VAR               0000000140404010 f   nonmem:DECN0.obj
 0001:00466de0       ZXMIN2B_ip_OBTAIN_IND_OFV2 0000000140467de0 f   nonmem:ZXMIN2B.obj
 0001:0046bdb0       CKPRDE_ip_PRED_ERRORS      000000014046cdb0 f   nonmem:CKPRDE.obj
 0001:0046be10       CKPRDE_ip_REPETITION_ERRORS 000000014046ce10 f   nonmem:CKPRDE.obj
 0001:0046cd90       CKPRDE_ip_PROCESS_RECORD   000000014046dd90 f   nonmem:CKPRDE.obj
 0001:00486120       SOLSVD_ip_SET_INTERNAL_PARAMETERS 0000000140487120 f   nonmem:LSVAL_CALLS.obj
 0001:004a0f00       NCONTR_ip_FIRST_GRAD_FOR_ITERATION 00000001404a1f00 f   nonmem:NCONTR.obj
 0001:004a1c30       NCONTR_ip_UPDATE_PRED_VARIABLES 00000001404a2c30 f   nonmem:NCONTR.obj
 0001:004a5520       NCONTR_ip_GET_COND_ESTIM   00000001404a6520 f   nonmem:NCONTR.obj
 0001:004bfb40       OBETA2_ip_OBJ2_ERRORS..0   00000001404c0b40 f   nonmem:OBETA2.obj
 0001:004c02e0       OBETA2_ip_OBJ2_ERRORS..1   00000001404c12e0 f   nonmem:OBETA2.obj
 0001:004c0a80       OBETA2_ip_OBJ2_ERRORS..2   00000001404c1a80 f   nonmem:OBETA2.obj
 0001:004c1220       OBETA2_ip_NSIG_PROCESS3    00000001404c2220 f   nonmem:OBETA2.obj
 0001:004c12d0       OBETA2_ip_CALC_NUMDERIV_INACTIVE_ETAS 00000001404c22d0 f   nonmem:OBETA2.obj
 0001:004c8550       OBETA2_ip_COMPUTE_HESSIAN_ETA 00000001404c9550 f   nonmem:OBETA2.obj
 0001:0050cf00       COMMRG_ip_OBPRB_ERRORS     000000014050df00 f   nonmem:COMMRG.obj
 0001:0050d220       COMMRG_ip_REPETITION_ERRORS 000000014050e220 f   nonmem:COMMRG.obj
 0001:0050e1a0       COMMRG_ip_PRINT_PRED_EXIT_ERROR 000000014050f1a0 f   nonmem:COMMRG.obj
 0001:0050e1e0       COMMRG_ip_INIT_IJ_LAST     000000014050f1e0 f   nonmem:COMMRG.obj
 0001:0050e3b0       COMMRG_ip_PRED_ERRORS..0   000000014050f3b0 f   nonmem:COMMRG.obj
 0001:0050e440       COMMRG_ip_PRED_ERRORS..1   000000014050f440 f   nonmem:COMMRG.obj
 0001:0050e4d0       COMMRG_ip_INIT_ILAST_VARIABLES..0 000000014050f4d0 f   nonmem:COMMRG.obj
 0001:0050eb50       COMMRG_ip_INIT_ILAST_VARIABLES..1 000000014050fb50 f   nonmem:COMMRG.obj
 0001:005240b0       PRNT5_ip_INIT_RLAB         00000001405250b0 f   nonmem:PRNT5.obj
 0001:00524920       PRNT5_ip_ASSIGN_RLAB       0000000140525920 f   nonmem:PRNT5.obj
 0001:00526610       PRNT5_ip_PRNT5_PRINTNUMS   0000000140527610 f   nonmem:PRNT5.obj
 0001:0059c770       MSFI_ERRORS_ip_INIT_ISTIELMDE..0 000000014059d770 f   nonmem:MSFI_ERRORS.obj
 0001:0059c920       MSFI_ERRORS_ip_INIT_ISTIELMDE..1 000000014059d920 f   nonmem:MSFI_ERRORS.obj
 0001:0059cad0       MSFI_ERRORS_ip_INIT_ISTIELMDE..2 000000014059dad0 f   nonmem:MSFI_ERRORS.obj
 0001:0059cc80       MSFI_ERRORS_ip_INIT_ISTIELMDE..3 000000014059dc80 f   nonmem:MSFI_ERRORS.obj
 0001:0059ce30       MSFI_ERRORS_ip_INIT_ISTIELMDE..4 000000014059de30 f   nonmem:MSFI_ERRORS.obj
 0001:0059cfe0       MSFI_ERRORS_ip_INIT_ISTIELMDE..5 000000014059dfe0 f   nonmem:MSFI_ERRORS.obj
 0001:0059d190       MSFI_ERRORS_ip_INIT_ISTIELMDE..6 000000014059e190 f   nonmem:MSFI_ERRORS.obj
 0001:005f0660       UV_ip_INIT_VARIABLES       00000001405f1660 f   nonmem:UV.obj
 0001:005f23f0       UV_ip_MARG_FIXPARAM_GT_FREEPARAM 00000001405f33f0 f   nonmem:UV.obj
 0001:005f2fe0       UV_ip_MARG_FIXPARAM_LE_FREEPARAM 00000001405f3fe0 f   nonmem:UV.obj
 0001:005f4960       UV_ip_FUNCT_OF_VTNPRI      00000001405f5960 f   nonmem:UV.obj
 0001:005f6d10       UV_ip_FIXPARAM_LE_FREEPARAM 00000001405f7d10 f   nonmem:UV.obj
 0001:005f90c0       UV_ip_FIXPARAM_GT_FREEPARAM 00000001405fa0c0 f   nonmem:UV.obj
 0001:0060a8b0       ORTHOG_ip_GET_OFV          000000014060b8b0 f   nonmem:ORTHOG.obj
 0001:0060e600       DER2_ip_OBJ_DER2           000000014060f600 f   nonmem:DER2.obj
 0001:0066c290       CELST_ip_ESHRINKX_CALC     000000014066d290 f   nonmem:CELST.obj
 0001:0066ea30       CELST_ip_CALC_A_DCDEA_DCDEB 000000014066fa30 f   nonmem:CELST.obj
 0001:006ae180       OPTD_DV_UPDATE_ip_INIT_IJ_LAST 00000001406af180 f   nonmem:OPTD_DV_UPDATE.obj
 0001:006ae460       OPTD_DV_UPDATE_ip_INIT_V12_EPS 00000001406af460 f   nonmem:OPTD_DV_UPDATE.obj
 0001:006afe40       OPTD_DV_UPDATE_ip_PRED_ERRORS 00000001406b0e40 f   nonmem:OPTD_DV_UPDATE.obj
 0001:006b1700       OPTD_DV_UPDATE_ip_INIT_L2_DIM 00000001406b2700 f   nonmem:OPTD_DV_UPDATE.obj
 0001:006b1870       OPTD_DV_UPDATE_ip_TEST_IUSEPRD1 00000001406b2870 f   nonmem:OPTD_DV_UPDATE.obj
 0001:006bb510       UCASCIIVAL..0              00000001406bc510 f   nonmem:IMSL_FUNC.obj
 0001:006bbcd0       DPMACHCONST..0             00000001406bccd0 f   nonmem:IMSL_FUNC.obj
 0001:006bbe00       DPMACHCONST..2             00000001406bce00 f   nonmem:IMSL_FUNC.obj
 0001:006bbf30       DPMACHCONST..1             00000001406bcf30 f   nonmem:IMSL_FUNC.obj
 0001:006bc8f0       CHEBEV..0                  00000001406bd8f0 f   nonmem:BESSIK.obj
 0001:007168b0       OBPRB_ip_PRED_ERRORS       00000001407178b0 f   nonmem:OBPRB.obj
 0001:00717880       OBPRB_ip_INIT_IJ_LAST      0000000140718880 f   nonmem:OBPRB.obj
 0001:007a1cd0       GL1HL1_CALC_ip_INIT_IJ_LAST 00000001407a2cd0 f   nonmem:GL1HL1_CALC.obj
 0001:007a1fb0       GL1HL1_CALC_ip_PROCESS_ERRORS 00000001407a2fb0 f   nonmem:GL1HL1_CALC.obj
 0001:007a3ea0       GL1HL1_CALC_ip_PROCESS_RECORD 00000001407a4ea0 f   nonmem:GL1HL1_CALC.obj
 0001:007a4e20       GL1HL1_CALC_ip_UPDATE_L2_DIM_LK 00000001407a5e20 f   nonmem:GL1HL1_CALC.obj
 0001:007dbbd0       LUFACT_ip_FINDPVT          00000001407dcbd0 f   nonmem:LUDAT_CALLS.obj
 0001:00864a00       NMDATA_mp_LABEL_CONSTRUCT..0 0000000140865a00 f   resource:NMDATA.obj
 0001:00864c80       NMDATA_mp_LABEL_CONSTRUCT..1 0000000140865c80 f   resource:NMDATA.obj
 0001:008670e0       get_message..3             00000001408680e0 f   libifcoremt:for_diags_intel.obj
 0001:00867c60       get_message..1             0000000140868c60 f   libifcoremt:for_diags_intel.obj
 0001:00868000       get_message                0000000140869000 f   libifcoremt:for_diags_intel.obj
 0001:00868410       get_message..0             0000000140869410 f   libifcoremt:for_diags_intel.obj
 0001:008687b0       get_message..2             00000001408697b0 f   libifcoremt:for_diags_intel.obj
 0001:00868b50       for__perror                0000000140869b50 f   libifcoremt:for_diags_intel.obj
 0001:008691a0       for__dump_msg_buff         000000014086a1a0 f   libifcoremt:for_diags_intel.obj
 0001:008696a0       redirect_stderr            000000014086a6a0 f   libifcoremt:for_diags_intel.obj
 0001:00869790       for__icaf_abort            000000014086a790 f   libifcoremt:for_diags_intel.obj
 0001:0088cf00       wseq_complex               000000014088df00 f   libifcoremt:for_wseq_lis.obj
 0001:00896e20       reentrancy_cleanup         0000000140897e20 f   libifcoremt:for_reentrancy.obj
 0001:00896ef0       kill_resource              0000000140897ef0 f   libifcoremt:for_reentrancy.obj
 0001:00896f30       kill_resource_recurschk    0000000140897f30 f   libifcoremt:for_reentrancy.obj
 0001:008971f0       create_threadstor_key      00000001408981f0 f   libifcoremt:for_reentrancy.obj
 0001:008977f0       reentrancy_init            00000001408987f0 f   libifcoremt:for_reentrancy.obj
 0001:008978c0       init_resource_recurschk    00000001408988c0 f   libifcoremt:for_reentrancy.obj
 0001:008978e0       init_resource              00000001408988e0 f   libifcoremt:for_reentrancy.obj
 0001:008ac430       for__read_ufseq            00000001408ad430 f   libifcoremt:for_rseq.obj
 0001:008b3920       for__finish_direct_write   00000001408b4920 f   libifcoremt:for_wseq.obj
 0001:008c2fd0       for__release_mutex         00000001408c3fd0 f   libifcoremt:for_lub_mgt.obj
 0001:008c2ff0       for__destroy_mutex         00000001408c3ff0 f   libifcoremt:for_lub_mgt.obj
 0001:008c3030       enter_cr_and_find_lub      00000001408c4030 f   libifcoremt:for_lub_mgt.obj
 0001:008c51d0       find_min_lun               00000001408c61d0 f   libifcoremt:for_lub_mgt.obj
 0001:008c5210       process_existing_lub       00000001408c6210 f   libifcoremt:for_lub_mgt.obj
 0001:008c7fb0       for__console_control_handler 00000001408c8fb0 f   libifcoremt:for_init.obj
 0001:008cb340       tbk__dump_context          00000001408cc340 f   libifcoremt:tbk_traceback.obj
 0001:008cb9d8       tbk_stack_trace_impl       00000001408cc9d8 f   libifcoremt:tbk_traceback.obj
 0001:008d1250       emit_comp_fmt              00000001408d2250 f   libifcoremt:for_fmt_comp.obj
 0001:0090b140       __libm_log_dispatch_table_init 000000014090c140 f   libmmt:log_iface.obj
 0001:0090b1f0       __libm_exp_dispatch_table_init 000000014090c1f0 f   libmmt:exp_iface.obj
 0001:0090b350       __libm_fmod_dispatch_table_init 000000014090c350 f   libmmt:fmod_iface.obj
 0001:0090b410       __libm_cos_dispatch_table_init 000000014090c410 f   libmmt:cos_iface.obj
 0001:0090b4c0       __libm_sin_dispatch_table_init 000000014090c4c0 f   libmmt:sin_iface.obj
 0001:0090b570       __libm_logf_dispatch_table_init 000000014090c570 f   libmmt:logf_iface.obj
 0001:0090b620       __libm_cosf_dispatch_table_init 000000014090c620 f   libmmt:cosf_iface.obj
 0001:0090b6d0       __libm_acosf_dispatch_table_init 000000014090c6d0 f   libmmt:acosf_iface.obj
 0001:0090b780       __libm_powf_dispatch_table_init 000000014090c780 f   libmmt:powf_iface.obj
 0001:0090b840       __libm_tan_dispatch_table_init 000000014090c840 f   libmmt:tan_iface.obj
 0001:0090b8f0       __libm_pow_dispatch_table_init 000000014090c8f0 f   libmmt:pow_iface.obj
 0001:0090b9b0       __libm_cbrt_dispatch_table_init 000000014090c9b0 f   libmmt:cbrt_iface.obj
 0001:0090be10       __libm_log10f_dispatch_table_init 000000014090ce10 f   libmmt:log10f_iface.obj
 0001:0090bec0       __libm_log10_dispatch_table_init 000000014090cec0 f   libmmt:log10_iface.obj
 0001:0090c070       __libm_sinh_dispatch_table_init 000000014090d070 f   libmmt:sinh_iface.obj
 0001:0090c120       __libm_cosh_dispatch_table_init 000000014090d120 f   libmmt:cosh_iface.obj
 0001:0090c1d0       __libm_atan_dispatch_table_init 000000014090d1d0 f   libmmt:atan_iface.obj
 0001:0090c260       __libm_truncf_dispatch_table_init 000000014090d260 f   libmmt:truncf_iface.obj
 0001:0090c310       __libm_trunc_dispatch_table_init 000000014090d310 f   libmmt:trunc_iface.obj
 0001:0090c3a0       __libm_lroundf_dispatch_table_init 000000014090d3a0 f   libmmt:lroundf_iface.obj
 0001:0090c430       __libm_llroundf_dispatch_table_init 000000014090d430 f   libmmt:llroundf_iface.obj
 0001:0090c4c0       __libm_lround_dispatch_table_init 000000014090d4c0 f   libmmt:lround_iface.obj
 0001:0090c550       __libm_llround_dispatch_table_init 000000014090d550 f   libmmt:llround_iface.obj
 0001:00919e00       write_message              000000014091ae00 f   libmmt:libm_error.obj
 0001:0091a990       __tmainCRTStartup          000000014091b990 f   LIBCMT:crt0.obj
 0001:0091b014       _initterm                  000000014091c014 f   LIBCMT:crt0dat.obj
 0001:0091b134       doexit                     000000014091c134 f   LIBCMT:crt0dat.obj
 0001:0091b808       ctrlevent_capture          000000014091c808 f   LIBCMT:winsig.obj
 0001:0091c75c       ?_store_num@@YAXHHPEAPEADPEA_KI@Z 000000014091d75c f   LIBCMT:strftime.obj
 0001:0091c838       ?_expandtime@@YAHPEAUlocaleinfo_struct@@DPEBUtm@@PEAPEADPEA_KPEAU__lc_time_data@@I@Z 000000014091d838 f   LIBCMT:strftime.obj
 0001:0091ce74       ?_store_winword@@YAHPEAUlocaleinfo_struct@@HPEBUtm@@PEAPEADPEA_KPEAU__lc_time_data@@@Z 000000014091de74 f   LIBCMT:strftime.obj
 0001:0091eff4       _cftoe2_l                  000000014091fff4 f   LIBCMT:cvt.obj
 0001:0091f700       _cftof2_l                  0000000140920700 f   LIBCMT:cvt.obj
 0001:009203c4       parse_cmdline              00000001409213c4 f   LIBCMT:stdargv.obj
 0001:00921a9c       ?setSBCS@@YAXPEAUthreadmbcinfostruct@@@Z 0000000140922a9c f   LIBCMT:mbctype.obj
 0001:00921b28       ?setSBUpLow@@YAXPEAUthreadmbcinfostruct@@@Z 0000000140922b28 f   LIBCMT:mbctype.obj
 0001:00921dd4       ?getSystemCP@@YAHH@Z       0000000140922dd4 f   LIBCMT:mbctype.obj
 0001:00922660       ?__crtLCMapStringA_stat@@YAHPEAUlocaleinfo_struct@@KKPEBDHPEADHHH@Z 0000000140923660 f   LIBCMT:a_map.obj
 0001:00922b9c       ?strtoxl@@YAKPEAUlocaleinfo_struct@@PEBDPEAPEBDHH@Z 0000000140923b9c f   LIBCMT:strtol.obj
 0001:00922e38       _tzset_nolock              0000000140923e38 f   LIBCMT:tzset.obj
 0001:009232b8       cvtdate                    00000001409242b8 f   LIBCMT:tzset.obj
 0001:0092358c       _isindst_nolock            000000014092458c f   LIBCMT:tzset.obj
 0001:00924d14       ?x_ismbbtype_l@@YAHPEAUlocaleinfo_struct@@IHH@Z 0000000140925d14 f   LIBCMT:ismbbyte.obj
 0001:00924e4c       ?__crtGetStringTypeA_stat@@YAHPEAUlocaleinfo_struct@@KPEBDHPEAGHHH@Z 0000000140925e4c f   LIBCMT:a_str.obj
 0001:00925b30       flsall                     0000000140926b30 f   LIBCMT:fflush.obj
 0001:009283e0       ?__crtCompareStringA_stat@@YAHPEAUlocaleinfo_struct@@KKPEBDH1HH@Z 00000001409293e0 f   LIBCMT:a_cmp.obj
 0001:0092a6c0       stackwalk_cb               000000014092b6c0 f   libirc:tbk_display.obj
 0001:0092b9f0       __intel_cpu_features_init_body 000000014092c9f0 f   libirc:cpu_feature_disp.obj
 0001:00934d60       __sti____libirc_tmp        0000000140935d60 f   libirc:fast_mem_ops.obj
 0001:00935c24       _splitpath_helper          0000000140936c24 f   LIBCMT:splitpat.obj
 0001:009367a0       ax0                        00000001409377a0 f   LIBCMT:_filter_simd_.obj
 0001:009367ac       ax8                        00000001409377ac f   LIBCMT:_filter_simd_.obj
 0001:009367c0       ax32                       00000001409377c0 f   LIBCMT:_filter_simd_.obj
 0001:009367d0       cx0                        00000001409377d0 f   LIBCMT:_filter_simd_.obj
 0001:009367e0       cx8                        00000001409377e0 f   LIBCMT:_filter_simd_.obj
 0001:009367f4       cx32                       00000001409377f4 f   LIBCMT:_filter_simd_.obj
 0001:00936808       dx0                        0000000140937808 f   LIBCMT:_filter_simd_.obj
 0001:00936818       dx8                        0000000140937818 f   LIBCMT:_filter_simd_.obj
 0001:0093682c       dx32                       000000014093782c f   LIBCMT:_filter_simd_.obj
 0001:00936840       bx0                        0000000140937840 f   LIBCMT:_filter_simd_.obj
 0001:00936850       bx8                        0000000140937850 f   LIBCMT:_filter_simd_.obj
 0001:00936864       bx32                       0000000140937864 f   LIBCMT:_filter_simd_.obj
 0001:00936878       sib0                       0000000140937878 f   LIBCMT:_filter_simd_.obj
 0001:009369e4       sib8                       00000001409379e4 f   LIBCMT:_filter_simd_.obj
 0001:00936b3c       sib32                      0000000140937b3c f   LIBCMT:_filter_simd_.obj
 0001:00936c90       d32                        0000000140937c90 f   LIBCMT:_filter_simd_.obj
 0001:00936c9c       bp8                        0000000140937c9c f   LIBCMT:_filter_simd_.obj
 0001:00936cb0       bp32                       0000000140937cb0 f   LIBCMT:_filter_simd_.obj
 0001:00936cc4       si0                        0000000140937cc4 f   LIBCMT:_filter_simd_.obj
 0001:00936cd4       si8                        0000000140937cd4 f   LIBCMT:_filter_simd_.obj
 0001:00936ce8       si32                       0000000140937ce8 f   LIBCMT:_filter_simd_.obj
 0001:00936cfc       di0                        0000000140937cfc f   LIBCMT:_filter_simd_.obj
 0001:00936d0c       di8                        0000000140937d0c f   LIBCMT:_filter_simd_.obj
 0001:00936d20       di32                       0000000140937d20 f   LIBCMT:_filter_simd_.obj
 0001:00936d34       reg                        0000000140937d34 f   LIBCMT:_filter_simd_.obj
 0001:00939b38       __Fill_FPIEEE_RECORD2      000000014093ab38 f   LIBCMT:_xmmi_fp_emul_.obj
 0001:00939b38       __Fill_FPIEEE_RECORD       000000014093ab38 f   LIBCMT:_xmmi_fp_emul_.obj
 0001:0093b480       __tmainCRTStartup$filt$0   000000014093c480 f   LIBCMT:crt0.obj
 0001:0093b49e       doexit$fin$0               000000014093c49e f   LIBCMT:crt0dat.obj
 0001:0093b4c2       ctrlevent_capture$fin$0    000000014093c4c2 f   LIBCMT:winsig.obj
 0001:0093b4da       signal$fin$0               000000014093c4da f   LIBCMT:winsig.obj
 0001:0093b4f2       raise$fin$0                000000014093c4f2 f   LIBCMT:winsig.obj
 0001:0093b510       _onexit$fin$0              000000014093c510 f   LIBCMT:onexit.obj
 0001:0093b526       _getch$fin$0               000000014093c526 f   LIBCMT:getch.obj
 0001:0093b541       _kbhit$fin$0               000000014093c541 f   LIBCMT:getch.obj
 0001:0093b55c       _write$fin$0               000000014093c55c f   LIBCMT:write.obj
 0001:0093b575       _control87$filt$0          000000014093c575 f   LIBCMT:_ieee_.obj
 0001:0093b5a1       __lock_fhandle$fin$0       000000014093c5a1 f   LIBCMT:osfinfo.obj
 0001:0093b5bc       _alloc_osfhnd$fin$0        000000014093c5bc f   LIBCMT:osfinfo.obj
 0001:0093b5dc       _alloc_osfhnd$fin$1        000000014093c5dc f   LIBCMT:osfinfo.obj
 0001:0093b5f7       _open_osfhandle$fin$0      000000014093c5f7 f   LIBCMT:osfinfo.obj
 0001:0093b63f       fputs$fin$0                000000014093c63f f   LIBCMT:fputs.obj
 0001:0093b659       _initptd$fin$1             000000014093c659 f   LIBCMT:tidtable.obj
 0001:0093b679       _initptd$fin$0             000000014093c679 f   LIBCMT:tidtable.obj
 0001:0093b694       _freefls$fin$1             000000014093c694 f   LIBCMT:tidtable.obj
 0001:0093b6b4       _freefls$fin$0             000000014093c6b4 f   LIBCMT:tidtable.obj
 0001:0093b6cf       _mtinitlocknum$fin$0       000000014093c6cf f   LIBCMT:mlock.obj
 0001:0093b6f0       _IsNonwritableInCurrentImage$filt$0 000000014093c6f0 f   LIBCMT:pesect.obj
 0001:0093b712       __updatetmbcinfo$fin$0     000000014093c712 f   LIBCMT:mbctype.obj
 0001:0093b72d       _setmbcp$fin$0             000000014093c72d f   LIBCMT:mbctype.obj
 0001:0093b748       __updatetlocinfo$fin$0     000000014093c748 f   LIBCMT:localref.obj
 0001:0093b763       _tzset_nolock$fin$0        000000014093c763 f   LIBCMT:tzset.obj
 0001:0093b77e       __tzset$fin$0              000000014093c77e f   LIBCMT:tzset.obj
 0001:0093b799       _isindst$fin$0             000000014093c799 f   LIBCMT:tzset.obj
 0001:0093b7b4       _lseeki64$fin$0            000000014093c7b4 f   LIBCMT:lseeki64.obj
 0001:0093b7cd       _fcloseall$fin$0           000000014093c7cd f   LIBCMT:closeall.obj
 0001:0093b7e8       flsall$fin$0               000000014093c7e8 f   LIBCMT:fflush.obj
 0001:0093b818       flsall$fin$1               000000014093c818 f   LIBCMT:fflush.obj
 0001:0093b833       fclose$fin$0               000000014093c833 f   LIBCMT:fclose.obj
 0001:0093b84d       _commit$fin$0              000000014093c84d f   LIBCMT:commit.obj
 0001:0093b866       _close$fin$0               000000014093c866 f   LIBCMT:close.obj
